../Core/Src/main.c:81:5:main	32	static,ignoring_inline_asm
../Core/Src/main.c:194:6:SystemClock_Config	88	static
../Core/Src/main.c:241:13:MX_USART2_UART_Init	8	static
../Core/Src/main.c:274:13:MX_GPIO_Init	48	static
../Core/Src/main.c:307:13:task1_handler	120	static
../Core/Src/main.c:316:13:task2_handler	120	static
../Core/Src/main.c:334:6:StartDefaultTask	16	static
../Core/Src/main.c:353:6:HAL_TIM_PeriodElapsedCallback	16	static
../Core/Src/main.c:370:6:Error_Handler	4	static,ignoring_inline_asm
