Archive member included to satisfy reference by file (symbol)

C:/ST/STM32CubeIDE_1.13.1/STM32CubeIDE/plugins/com.st.stm32cube.ide.mcu.externaltools.gnu-tools-for-stm32.11.3.rel1.win32_1.1.0.202305231506/tools/bin/../lib/gcc/arm-none-eabi/11.3.1/../../../../arm-none-eabi/lib/thumb/v7e-m+fp/hard\libc_nano.a(libc_a-exit.o)
                              C:/ST/STM32CubeIDE_1.13.1/STM32CubeIDE/plugins/com.st.stm32cube.ide.mcu.externaltools.gnu-tools-for-stm32.11.3.rel1.win32_1.1.0.202305231506/tools/bin/../lib/gcc/arm-none-eabi/11.3.1/../../../../arm-none-eabi/lib/thumb/v7e-m+fp/hard/crt0.o (exit)
C:/ST/STM32CubeIDE_1.13.1/STM32CubeIDE/plugins/com.st.stm32cube.ide.mcu.externaltools.gnu-tools-for-stm32.11.3.rel1.win32_1.1.0.202305231506/tools/bin/../lib/gcc/arm-none-eabi/11.3.1/../../../../arm-none-eabi/lib/thumb/v7e-m+fp/hard\libc_nano.a(libc_a-findfp.o)
                              C:/ST/STM32CubeIDE_1.13.1/STM32CubeIDE/plugins/com.st.stm32cube.ide.mcu.externaltools.gnu-tools-for-stm32.11.3.rel1.win32_1.1.0.202305231506/tools/bin/../lib/gcc/arm-none-eabi/11.3.1/../../../../arm-none-eabi/lib/thumb/v7e-m+fp/hard\libc_nano.a(libc_a-exit.o) (__stdio_exit_handler)
C:/ST/STM32CubeIDE_1.13.1/STM32CubeIDE/plugins/com.st.stm32cube.ide.mcu.externaltools.gnu-tools-for-stm32.11.3.rel1.win32_1.1.0.202305231506/tools/bin/../lib/gcc/arm-none-eabi/11.3.1/../../../../arm-none-eabi/lib/thumb/v7e-m+fp/hard\libc_nano.a(libc_a-fwalk.o)
                              C:/ST/STM32CubeIDE_1.13.1/STM32CubeIDE/plugins/com.st.stm32cube.ide.mcu.externaltools.gnu-tools-for-stm32.11.3.rel1.win32_1.1.0.202305231506/tools/bin/../lib/gcc/arm-none-eabi/11.3.1/../../../../arm-none-eabi/lib/thumb/v7e-m+fp/hard\libc_nano.a(libc_a-findfp.o) (_fwalk_sglue)
C:/ST/STM32CubeIDE_1.13.1/STM32CubeIDE/plugins/com.st.stm32cube.ide.mcu.externaltools.gnu-tools-for-stm32.11.3.rel1.win32_1.1.0.202305231506/tools/bin/../lib/gcc/arm-none-eabi/11.3.1/../../../../arm-none-eabi/lib/thumb/v7e-m+fp/hard\libc_nano.a(libc_a-stdio.o)
                              C:/ST/STM32CubeIDE_1.13.1/STM32CubeIDE/plugins/com.st.stm32cube.ide.mcu.externaltools.gnu-tools-for-stm32.11.3.rel1.win32_1.1.0.202305231506/tools/bin/../lib/gcc/arm-none-eabi/11.3.1/../../../../arm-none-eabi/lib/thumb/v7e-m+fp/hard\libc_nano.a(libc_a-findfp.o) (__sread)
C:/ST/STM32CubeIDE_1.13.1/STM32CubeIDE/plugins/com.st.stm32cube.ide.mcu.externaltools.gnu-tools-for-stm32.11.3.rel1.win32_1.1.0.202305231506/tools/bin/../lib/gcc/arm-none-eabi/11.3.1/../../../../arm-none-eabi/lib/thumb/v7e-m+fp/hard\libc_nano.a(libc_a-memcmp.o)
                              ./ThirdParty/SEGGER/OS/SEGGER_SYSVIEW_FreeRTOS.o (memcmp)
C:/ST/STM32CubeIDE_1.13.1/STM32CubeIDE/plugins/com.st.stm32cube.ide.mcu.externaltools.gnu-tools-for-stm32.11.3.rel1.win32_1.1.0.202305231506/tools/bin/../lib/gcc/arm-none-eabi/11.3.1/../../../../arm-none-eabi/lib/thumb/v7e-m+fp/hard\libc_nano.a(libc_a-memset.o)
                              C:/ST/STM32CubeIDE_1.13.1/STM32CubeIDE/plugins/com.st.stm32cube.ide.mcu.externaltools.gnu-tools-for-stm32.11.3.rel1.win32_1.1.0.202305231506/tools/bin/../lib/gcc/arm-none-eabi/11.3.1/../../../../arm-none-eabi/lib/thumb/v7e-m+fp/hard/crt0.o (memset)
C:/ST/STM32CubeIDE_1.13.1/STM32CubeIDE/plugins/com.st.stm32cube.ide.mcu.externaltools.gnu-tools-for-stm32.11.3.rel1.win32_1.1.0.202305231506/tools/bin/../lib/gcc/arm-none-eabi/11.3.1/../../../../arm-none-eabi/lib/thumb/v7e-m+fp/hard\libc_nano.a(libc_a-closer.o)
                              C:/ST/STM32CubeIDE_1.13.1/STM32CubeIDE/plugins/com.st.stm32cube.ide.mcu.externaltools.gnu-tools-for-stm32.11.3.rel1.win32_1.1.0.202305231506/tools/bin/../lib/gcc/arm-none-eabi/11.3.1/../../../../arm-none-eabi/lib/thumb/v7e-m+fp/hard\libc_nano.a(libc_a-stdio.o) (_close_r)
C:/ST/STM32CubeIDE_1.13.1/STM32CubeIDE/plugins/com.st.stm32cube.ide.mcu.externaltools.gnu-tools-for-stm32.11.3.rel1.win32_1.1.0.202305231506/tools/bin/../lib/gcc/arm-none-eabi/11.3.1/../../../../arm-none-eabi/lib/thumb/v7e-m+fp/hard\libc_nano.a(libc_a-reent.o)
                              C:/ST/STM32CubeIDE_1.13.1/STM32CubeIDE/plugins/com.st.stm32cube.ide.mcu.externaltools.gnu-tools-for-stm32.11.3.rel1.win32_1.1.0.202305231506/tools/bin/../lib/gcc/arm-none-eabi/11.3.1/../../../../arm-none-eabi/lib/thumb/v7e-m+fp/hard\libc_nano.a(libc_a-closer.o) (errno)
C:/ST/STM32CubeIDE_1.13.1/STM32CubeIDE/plugins/com.st.stm32cube.ide.mcu.externaltools.gnu-tools-for-stm32.11.3.rel1.win32_1.1.0.202305231506/tools/bin/../lib/gcc/arm-none-eabi/11.3.1/../../../../arm-none-eabi/lib/thumb/v7e-m+fp/hard\libc_nano.a(libc_a-impure.o)
                              C:/ST/STM32CubeIDE_1.13.1/STM32CubeIDE/plugins/com.st.stm32cube.ide.mcu.externaltools.gnu-tools-for-stm32.11.3.rel1.win32_1.1.0.202305231506/tools/bin/../lib/gcc/arm-none-eabi/11.3.1/../../../../arm-none-eabi/lib/thumb/v7e-m+fp/hard\libc_nano.a(libc_a-reent.o) (_impure_ptr)
[...]
Memory Configuration

Name             Origin             Length             Attributes
RAM              0x0000000020000000 0x0000000000020000 xrw
FLASH            0x0000000008000000 0x0000000000080000 xr
*default*        0x0000000000000000 0xffffffffffffffff

Linker script and memory map

LOAD C:/ST/STM32CubeIDE_1.13.1/STM32CubeIDE/plugins/com.st.stm32cube.ide.mcu.externaltools.gnu-tools-for-stm32.11.3.rel1.win32_1.1.0.202305231506/tools/bin/../lib/gcc/arm-none-eabi/11.3.1/thumb/v7e-m+fp/hard/crti.o
LOAD C:/ST/STM32CubeIDE_1.13.1/STM32CubeIDE/plugins/com.st.stm32cube.ide.mcu.externaltools.gnu-tools-for-stm32.11.3.rel1.win32_1.1.0.202305231506/tools/bin/../lib/gcc/arm-none-eabi/11.3.1/thumb/v7e-m+fp/hard/crtbegin.o
LOAD C:/ST/STM32CubeIDE_1.13.1/STM32CubeIDE/plugins/com.st.stm32cube.ide.mcu.externaltools.gnu-tools-for-stm32.11.3.rel1.win32_1.1.0.202305231506/tools/bin/../lib/gcc/arm-none-eabi/11.3.1/../../../../arm-none-eabi/lib/thumb/v7e-m+fp/hard/crt0.o
LOAD ./Core/Src/main.o
LOAD ./Core/Src/stm32f4xx_hal_msp.o
LOAD ./Core/Src/stm32f4xx_hal_timebase_tim.o
LOAD ./Core/Src/stm32f4xx_it.o
LOAD ./Core/Src/syscalls.o
LOAD ./Core/Src/sysmem.o
LOAD ./Core/Src/system_stm32f4xx.o
LOAD ./Core/Startup/startup_stm32f411vetx.o
LOAD ./Drivers/STM32F4xx_HAL_Driver/Src/stm32f4xx_hal.o
LOAD ./Drivers/STM32F4xx_HAL_Driver/Src/stm32f4xx_hal_cortex.o
LOAD ./Drivers/STM32F4xx_HAL_Driver/Src/stm32f4xx_hal_dma.o
LOAD ./Drivers/STM32F4xx_HAL_Driver/Src/stm32f4xx_hal_dma_ex.o
LOAD ./Drivers/STM32F4xx_HAL_Driver/Src/stm32f4xx_hal_exti.o
LOAD ./Drivers/STM32F4xx_HAL_Driver/Src/stm32f4xx_hal_flash.o
LOAD ./Drivers/STM32F4xx_HAL_Driver/Src/stm32f4xx_hal_flash_ex.o
LOAD ./Drivers/STM32F4xx_HAL_Driver/Src/stm32f4xx_hal_flash_ramfunc.o
LOAD ./Drivers/STM32F4xx_HAL_Driver/Src/stm32f4xx_hal_gpio.o
LOAD ./Drivers/STM32F4xx_HAL_Driver/Src/stm32f4xx_hal_pwr.o
LOAD ./Drivers/STM32F4xx_HAL_Driver/Src/stm32f4xx_hal_pwr_ex.o
LOAD ./Drivers/STM32F4xx_HAL_Driver/Src/stm32f4xx_hal_rcc.o
LOAD ./Drivers/STM32F4xx_HAL_Driver/Src/stm32f4xx_hal_rcc_ex.o
LOAD ./Drivers/STM32F4xx_HAL_Driver/Src/stm32f4xx_hal_tim.o
LOAD ./Drivers/STM32F4xx_HAL_Driver/Src/stm32f4xx_hal_tim_ex.o
LOAD ./ThirdParty/FreeRTOS/croutine.o
LOAD ./ThirdParty/FreeRTOS/event_groups.o
LOAD ./ThirdParty/FreeRTOS/list.o
LOAD ./ThirdParty/FreeRTOS/queue.o
LOAD ./ThirdParty/FreeRTOS/stream_buffer.o
LOAD ./ThirdParty/FreeRTOS/tasks.o
LOAD ./ThirdParty/FreeRTOS/timers.o
LOAD ./ThirdParty/FreeRTOS/portable/GCC/ARM_CM4F/port.o
LOAD ./ThirdParty/FreeRTOS/portable/MemMang/heap_4.o
LOAD ./ThirdParty/SEGGER/Config/SEGGER_SYSVIEW_Config_FreeRTOS.o
LOAD ./ThirdParty/SEGGER/OS/SEGGER_SYSVIEW_FreeRTOS.o
LOAD ./ThirdParty/SEGGER/Rec/segger_uart.o
LOAD ./ThirdParty/SEGGER/SEGGER/SEGGER_RTT.o
LOAD ./ThirdParty/SEGGER/SEGGER/SEGGER_RTT_ASM_ARMv7M.o
LOAD ./ThirdParty/SEGGER/SEGGER/SEGGER_RTT_printf.o
LOAD ./ThirdParty/SEGGER/SEGGER/SEGGER_SYSVIEW.o
LOAD ./ThirdParty/SEGGER/SEGGER/Syscalls/SEGGER_RTT_Syscalls_GCC.o
START GROUP
LOAD C:/ST/STM32CubeIDE_1.13.1/STM32CubeIDE/plugins/com.st.stm32cube.ide.mcu.externaltools.gnu-tools-for-stm32.11.3.rel1.win32_1.1.0.202305231506/tools/bin/../lib/gcc/arm-none-eabi/11.3.1/../../../../arm-none-eabi/lib/thumb/v7e-m+fp/hard\libc_nano.a
LOAD C:/ST/STM32CubeIDE_1.13.1/STM32CubeIDE/plugins/com.st.stm32cube.ide.mcu.externaltools.gnu-tools-for-stm32.11.3.rel1.win32_1.1.0.202305231506/tools/bin/../lib/gcc/arm-none-eabi/11.3.1/../../../../arm-none-eabi/lib/thumb/v7e-m+fp/hard\libm.a
END GROUP
START GROUP
LOAD C:/ST/STM32CubeIDE_1.13.1/STM32CubeIDE/plugins/com.st.stm32cube.ide.mcu.externaltools.gnu-tools-for-stm32.11.3.rel1.win32_1.1.0.202305231506/tools/bin/../lib/gcc/arm-none-eabi/11.3.1/thumb/v7e-m+fp/hard\libgcc.a
LOAD C:/ST/STM32CubeIDE_1.13.1/STM32CubeIDE/plugins/com.st.stm32cube.ide.mcu.externaltools.gnu-tools-for-stm32.11.3.rel1.win32_1.1.0.202305231506/tools/bin/../lib/gcc/arm-none-eabi/11.3.1/../../../../arm-none-eabi/lib/thumb/v7e-m+fp/hard\libc_nano.a
END GROUP
START GROUP
LOAD C:/ST/STM32CubeIDE_1.13.1/STM32CubeIDE/plugins/com.st.stm32cube.ide.mcu.externaltools.gnu-tools-for-stm32.11.3.rel1.win32_1.1.0.202305231506/tools/bin/../lib/gcc/arm-none-eabi/11.3.1/thumb/v7e-m+fp/hard\libgcc.a
LOAD C:/ST/STM32CubeIDE_1.13.1/STM32CubeIDE/plugins/com.st.stm32cube.ide.mcu.externaltools.gnu-tools-for-stm32.11.3.rel1.win32_1.1.0.202305231506/tools/bin/../lib/gcc/arm-none-eabi/11.3.1/../../../../arm-none-eabi/lib/thumb/v7e-m+fp/hard\libc_nano.a
LOAD C:/ST/STM32CubeIDE_1.13.1/STM32CubeIDE/plugins/com.st.stm32cube.ide.mcu.externaltools.gnu-tools-for-stm32.11.3.rel1.win32_1.1.0.202305231506/tools/bin/../lib/gcc/arm-none-eabi/11.3.1/../../../../arm-none-eabi/lib/thumb/v7e-m+fp/hard\libnosys.a
END GROUP
START GROUP
LOAD C:/ST/STM32CubeIDE_1.13.1/STM32CubeIDE/plugins/com.st.stm32cube.ide.mcu.externaltools.gnu-tools-for-stm32.11.3.rel1.win32_1.1.0.202305231506/tools/bin/../lib/gcc/arm-none-eabi/11.3.1/thumb/v7e-m+fp/hard\libgcc.a
LOAD C:/ST/STM32CubeIDE_1.13.1/STM32CubeIDE/plugins/com.st.stm32cube.ide.mcu.externaltools.gnu-tools-for-stm32.11.3.rel1.win32_1.1.0.202305231506/tools/bin/../lib/gcc/arm-none-eabi/11.3.1/../../../../arm-none-eabi/lib/thumb/v7e-m+fp/hard\libc_nano.a
LOAD C:/ST/STM32CubeIDE_1.13.1/STM32CubeIDE/plugins/com.st.stm32cube.ide.mcu.externaltools.gnu-tools-for-stm32.11.3.rel1.win32_1.1.0.202305231506/tools/bin/../lib/gcc/arm-none-eabi/11.3.1/../../../../arm-none-eabi/lib/thumb/v7e-m+fp/hard\libnosys.a
END GROUP
LOAD C:/ST/STM32CubeIDE_1.13.1/STM32CubeIDE/plugins/com.st.stm32cube.ide.mcu.externaltools.gnu-tools-for-stm32.11.3.rel1.win32_1.1.0.202305231506/tools/bin/../lib/gcc/arm-none-eabi/11.3.1/thumb/v7e-m+fp/hard/crtend.o
LOAD C:/ST/STM32CubeIDE_1.13.1/STM32CubeIDE/plugins/com.st.stm32cube.ide.mcu.externaltools.gnu-tools-for-stm32.11.3.rel1.win32_1.1.0.202305231506/tools/bin/../lib/gcc/arm-none-eabi/11.3.1/thumb/v7e-m+fp/hard/crtn.o
                0x0000000020020000                _estack = (ORIGIN (RAM) + LENGTH (RAM))
                0x0000000000000200                _Min_Heap_Size = 0x200
                0x0000000000000400                _Min_Stack_Size = 0x400

.isr_vector     0x0000000008000000      0x198
                0x0000000008000000                . = ALIGN (0x4)
 *(.isr_vector)
 .isr_vector    0x0000000008000000      0x198 ./Core/Startup/startup_stm32f411vetx.o
                0x0000000008000000                g_pfnVectors
                0x0000000008000198                . = ALIGN (0x4)

.text           0x00000000080001a0     0x4c70
                0x00000000080001a0                . = ALIGN (0x4)
 *(.text)
 .text          0x00000000080001a0       0x40 C:/ST/STM32CubeIDE_1.13.1/STM32CubeIDE/plugins/com.st.stm32cube.ide.mcu.externaltools.gnu-tools-for-stm32.11.3.rel1.win32_1.1.0.202305231506/tools/bin/../lib/gcc/arm-none-eabi/11.3.1/thumb/v7e-m+fp/hard/crtbegin.o
 .text          0x00000000080001e0       0x94 ./ThirdParty/SEGGER/SEGGER/SEGGER_RTT_ASM_ARMv7M.o
                0x00000000080001e0                SEGGER_RTT_ASM_WriteSkipNoLock
 .text          0x0000000008000274       0x30 C:/ST/STM32CubeIDE_1.13.1/STM32CubeIDE/plugins/com.st.stm32cube.ide.mcu.externaltools.gnu-tools-for-stm32.11.3.rel1.win32_1.1.0.202305231506/tools/bin/../lib/gcc/arm-none-eabi/11.3.1/thumb/v7e-m+fp/hard\libgcc.a(_aeabi_uldivmod.o)
                0x0000000008000274                __aeabi_uldivmod
 .text          0x00000000080002a4      0x2c8 C:/ST/STM32CubeIDE_1.13.1/STM32CubeIDE/plugins/com.st.stm32cube.ide.mcu.externaltools.gnu-tools-for-stm32.11.3.rel1.win32_1.1.0.202305231506/tools/bin/../lib/gcc/arm-none-eabi/11.3.1/thumb/v7e-m+fp/hard\libgcc.a(_udivmoddi4.o)
                0x00000000080002a4                __udivmoddi4
 .text          0x000000000800056c        0x4 C:/ST/STM32CubeIDE_1.13.1/STM32CubeIDE/plugins/com.st.stm32cube.ide.mcu.externaltools.gnu-tools-for-stm32.11.3.rel1.win32_1.1.0.202305231506/tools/bin/../lib/gcc/arm-none-eabi/11.3.1/thumb/v7e-m+fp/hard\libgcc.a(_dvmd_tls.o)
                0x000000000800056c                __aeabi_idiv0
                0x000000000800056c                __aeabi_ldiv0
 *(.text*)
 .text.main     0x0000000008000570       0xcc ./Core/Src/main.o
                0x0000000008000570                main
 .text.SystemClock_Config
                0x000000000800063c       0xd4 ./Core/Src/main.o
                0x000000000800063c                SystemClock_Config
 .text.MX_GPIO_Init
                0x0000000008000710      0x2bc ./Core/Src/main.o
 .text.led_green_handler
                0x00000000080009cc       0x20 ./Core/Src/main.o
 .text.led_red_handler
                0x00000000080009ec       0x20 ./Core/Src/main.o
 .text.led_orange_handler
                0x0000000008000a0c       0x20 ./Core/Src/main.o
 .text.HAL_TIM_PeriodElapsedCallback
                0x0000000008000a2c       0x24 ./Core/Src/main.o
                0x0000000008000a2c                HAL_TIM_PeriodElapsedCallback
 .text.Error_Handler
                0x0000000008000a50        0xe ./Core/Src/main.o
                0x0000000008000a50                Error_Handler
 *fill*         0x0000000008000a5e        0x2 
 .text.HAL_MspInit
                0x0000000008000a60       0x50 ./Core/Src/stm32f4xx_hal_msp.o
                0x0000000008000a60                HAL_MspInit
 .text.HAL_InitTick
                0x0000000008000ab0       0xe8 ./Core/Src/stm32f4xx_hal_timebase_tim.o
                0x0000000008000ab0                HAL_InitTick
 .text.NMI_Handler
                0x0000000008000b98        0x6 ./Core/Src/stm32f4xx_it.o
                0x0000000008000b98                NMI_Handler
 .text.HardFault_Handler
                0x0000000008000b9e        0x6 ./Core/Src/stm32f4xx_it.o
                0x0000000008000b9e                HardFault_Handler
 .text.MemManage_Handler
                0x0000000008000ba4        0x6 ./Core/Src/stm32f4xx_it.o
                0x0000000008000ba4                MemManage_Handler
 .text.BusFault_Handler
                0x0000000008000baa        0x6 ./Core/Src/stm32f4xx_it.o
                0x0000000008000baa                BusFault_Handler
 .text.UsageFault_Handler
                0x0000000008000bb0        0x6 ./Core/Src/stm32f4xx_it.o
                0x0000000008000bb0                UsageFault_Handler
 .text.DebugMon_Handler
                0x0000000008000bb6        0xe ./Core/Src/stm32f4xx_it.o
                0x0000000008000bb6                DebugMon_Handler
 .text.TIM1_UP_TIM10_IRQHandler
                0x0000000008000bc4       0x14 ./Core/Src/stm32f4xx_it.o
                0x0000000008000bc4                TIM1_UP_TIM10_IRQHandler
 .text.SystemInit
                0x0000000008000bd8       0x24 ./Core/Src/system_stm32f4xx.o
                0x0000000008000bd8                SystemInit
 .text.Reset_Handler
                0x0000000008000bfc       0x50 ./Core/Startup/startup_stm32f411vetx.o
                0x0000000008000bfc                Reset_Handler
 .text.Default_Handler
                0x0000000008000c4c        0x2 ./Core/Startup/startup_stm32f411vetx.o
                0x0000000008000c4c                RTC_Alarm_IRQHandler
                0x0000000008000c4c                EXTI2_IRQHandler
                0x0000000008000c4c                SPI4_IRQHandler
                0x0000000008000c4c                TIM1_CC_IRQHandler
                0x0000000008000c4c                DMA2_Stream5_IRQHandler
                0x0000000008000c4c                DMA1_Stream5_IRQHandler
                0x0000000008000c4c                PVD_IRQHandler
                0x0000000008000c4c                SDIO_IRQHandler
                0x0000000008000c4c                TAMP_STAMP_IRQHandler
                0x0000000008000c4c                EXTI3_IRQHandler
                0x0000000008000c4c                I2C3_ER_IRQHandler
                0x0000000008000c4c                EXTI0_IRQHandler
                0x0000000008000c4c                I2C2_EV_IRQHandler
                0x0000000008000c4c                DMA1_Stream2_IRQHandler
                0x0000000008000c4c                FPU_IRQHandler
                0x0000000008000c4c                DMA2_Stream2_IRQHandler
                0x0000000008000c4c                SPI1_IRQHandler
                0x0000000008000c4c                TIM1_BRK_TIM9_IRQHandler
                0x0000000008000c4c                DMA2_Stream3_IRQHandler
                0x0000000008000c4c                USART6_IRQHandler
                0x0000000008000c4c                DMA2_Stream0_IRQHandler
                0x0000000008000c4c                TIM4_IRQHandler
                0x0000000008000c4c                I2C1_EV_IRQHandler
                0x0000000008000c4c                DMA1_Stream6_IRQHandler
                0x0000000008000c4c                DMA1_Stream1_IRQHandler
                0x0000000008000c4c                TIM3_IRQHandler
                0x0000000008000c4c                RCC_IRQHandler
                0x0000000008000c4c                Default_Handler
                0x0000000008000c4c                EXTI15_10_IRQHandler
                0x0000000008000c4c                ADC_IRQHandler
                0x0000000008000c4c                DMA1_Stream7_IRQHandler
                0x0000000008000c4c                SPI5_IRQHandler
                0x0000000008000c4c                TIM5_IRQHandler
                0x0000000008000c4c                DMA2_Stream7_IRQHandler
                0x0000000008000c4c                I2C3_EV_IRQHandler
                0x0000000008000c4c                EXTI9_5_IRQHandler
                0x0000000008000c4c                RTC_WKUP_IRQHandler
                0x0000000008000c4c                SPI2_IRQHandler
                0x0000000008000c4c                DMA1_Stream0_IRQHandler
                0x0000000008000c4c                EXTI4_IRQHandler
                0x0000000008000c4c                WWDG_IRQHandler
                0x0000000008000c4c                TIM2_IRQHandler
                0x0000000008000c4c                OTG_FS_WKUP_IRQHandler
                0x0000000008000c4c                TIM1_TRG_COM_TIM11_IRQHandler
                0x0000000008000c4c                EXTI1_IRQHandler
                0x0000000008000c4c                I2C2_ER_IRQHandler
                0x0000000008000c4c                DMA2_Stream1_IRQHandler
                0x0000000008000c4c                FLASH_IRQHandler
                0x0000000008000c4c                DMA2_Stream4_IRQHandler
                0x0000000008000c4c                USART1_IRQHandler
                0x0000000008000c4c                OTG_FS_IRQHandler
                0x0000000008000c4c                SPI3_IRQHandler
                0x0000000008000c4c                DMA1_Stream4_IRQHandler
                0x0000000008000c4c                I2C1_ER_IRQHandler
                0x0000000008000c4c                DMA2_Stream6_IRQHandler
                0x0000000008000c4c                DMA1_Stream3_IRQHandler
 *fill*         0x0000000008000c4e        0x2 
 .text.HAL_Init
                0x0000000008000c50       0x44 ./Drivers/STM32F4xx_HAL_Driver/Src/stm32f4xx_hal.o
                0x0000000008000c50                HAL_Init
 .text.HAL_IncTick
                0x0000000008000c94       0x28 ./Drivers/STM32F4xx_HAL_Driver/Src/stm32f4xx_hal.o
                0x0000000008000c94                HAL_IncTick
 .text.HAL_GetTick
                0x0000000008000cbc       0x18 ./Drivers/STM32F4xx_HAL_Driver/Src/stm32f4xx_hal.o
                0x0000000008000cbc                HAL_GetTick
 .text.HAL_Delay
                0x0000000008000cd4       0x48 ./Drivers/STM32F4xx_HAL_Driver/Src/stm32f4xx_hal.o
                0x0000000008000cd4                HAL_Delay
 .text.__NVIC_SetPriorityGrouping
                0x0000000008000d1c       0x48 ./Drivers/STM32F4xx_HAL_Driver/Src/stm32f4xx_hal_cortex.o
 .text.__NVIC_GetPriorityGrouping
                0x0000000008000d64       0x1c ./Drivers/STM32F4xx_HAL_Driver/Src/stm32f4xx_hal_cortex.o
 .text.__NVIC_EnableIRQ
                0x0000000008000d80       0x3c ./Drivers/STM32F4xx_HAL_Driver/Src/stm32f4xx_hal_cortex.o
 .text.__NVIC_SetPriority
                0x0000000008000dbc       0x54 ./Drivers/STM32F4xx_HAL_Driver/Src/stm32f4xx_hal_cortex.o
 .text.NVIC_EncodePriority
                0x0000000008000e10       0x66 ./Drivers/STM32F4xx_HAL_Driver/Src/stm32f4xx_hal_cortex.o
 .text.HAL_NVIC_SetPriorityGrouping
                0x0000000008000e76       0x16 ./Drivers/STM32F4xx_HAL_Driver/Src/stm32f4xx_hal_cortex.o
                0x0000000008000e76                HAL_NVIC_SetPriorityGrouping
 .text.HAL_NVIC_SetPriority
                0x0000000008000e8c       0x38 ./Drivers/STM32F4xx_HAL_Driver/Src/stm32f4xx_hal_cortex.o
                0x0000000008000e8c                HAL_NVIC_SetPriority
 .text.HAL_NVIC_EnableIRQ
                0x0000000008000ec4       0x1c ./Drivers/STM32F4xx_HAL_Driver/Src/stm32f4xx_hal_cortex.o
                0x0000000008000ec4                HAL_NVIC_EnableIRQ
 .text.HAL_GPIO_Init
                0x0000000008000ee0      0x308 ./Drivers/STM32F4xx_HAL_Driver/Src/stm32f4xx_hal_gpio.o
                0x0000000008000ee0                HAL_GPIO_Init
 .text.HAL_GPIO_WritePin
                0x00000000080011e8       0x32 ./Drivers/STM32F4xx_HAL_Driver/Src/stm32f4xx_hal_gpio.o
                0x00000000080011e8                HAL_GPIO_WritePin
 .text.HAL_GPIO_TogglePin
                0x000000000800121a       0x34 ./Drivers/STM32F4xx_HAL_Driver/Src/stm32f4xx_hal_gpio.o
                0x000000000800121a                HAL_GPIO_TogglePin
 *fill*         0x000000000800124e        0x2 
 .text.HAL_RCC_OscConfig
                0x0000000008001250      0x4f0 ./Drivers/STM32F4xx_HAL_Driver/Src/stm32f4xx_hal_rcc.o
                0x0000000008001250                HAL_RCC_OscConfig
 .text.HAL_RCC_ClockConfig
                0x0000000008001740      0x1cc ./Drivers/STM32F4xx_HAL_Driver/Src/stm32f4xx_hal_rcc.o
                0x0000000008001740                HAL_RCC_ClockConfig
 .text.HAL_RCC_GetSysClockFreq
                0x000000000800190c      0x20c ./Drivers/STM32F4xx_HAL_Driver/Src/stm32f4xx_hal_rcc.o
                0x000000000800190c                HAL_RCC_GetSysClockFreq
 .text.HAL_RCC_GetHCLKFreq
                0x0000000008001b18       0x18 ./Drivers/STM32F4xx_HAL_Driver/Src/stm32f4xx_hal_rcc.o
                0x0000000008001b18                HAL_RCC_GetHCLKFreq
 .text.HAL_RCC_GetPCLK2Freq
                0x0000000008001b30       0x28 ./Drivers/STM32F4xx_HAL_Driver/Src/stm32f4xx_hal_rcc.o
                0x0000000008001b30                HAL_RCC_GetPCLK2Freq
 .text.HAL_RCC_GetClockConfig
                0x0000000008001b58       0x64 ./Drivers/STM32F4xx_HAL_Driver/Src/stm32f4xx_hal_rcc.o
                0x0000000008001b58                HAL_RCC_GetClockConfig
 .text.HAL_TIM_Base_Init
                0x0000000008001bbc       0x9e ./Drivers/STM32F4xx_HAL_Driver/Src/stm32f4xx_hal_tim.o
                0x0000000008001bbc                HAL_TIM_Base_Init
 .text.HAL_TIM_Base_MspInit
                0x0000000008001c5a       0x14 ./Drivers/STM32F4xx_HAL_Driver/Src/stm32f4xx_hal_tim.o
                0x0000000008001c5a                HAL_TIM_Base_MspInit
 *fill*         0x0000000008001c6e        0x2 
 .text.HAL_TIM_Base_Start_IT
                0x0000000008001c70       0xc4 ./Drivers/STM32F4xx_HAL_Driver/Src/stm32f4xx_hal_tim.o
                0x0000000008001c70                HAL_TIM_Base_Start_IT
 .text.HAL_TIM_IRQHandler
                0x0000000008001d34      0x210 ./Drivers/STM32F4xx_HAL_Driver/Src/stm32f4xx_hal_tim.o
                0x0000000008001d34                HAL_TIM_IRQHandler
 .text.HAL_TIM_OC_DelayElapsedCallback
                0x0000000008001f44       0x14 ./Drivers/STM32F4xx_HAL_Driver/Src/stm32f4xx_hal_tim.o
                0x0000000008001f44                HAL_TIM_OC_DelayElapsedCallback
 .text.HAL_TIM_IC_CaptureCallback
                0x0000000008001f58       0x14 ./Drivers/STM32F4xx_HAL_Driver/Src/stm32f4xx_hal_tim.o
                0x0000000008001f58                HAL_TIM_IC_CaptureCallback
 .text.HAL_TIM_PWM_PulseFinishedCallback
                0x0000000008001f6c       0x14 ./Drivers/STM32F4xx_HAL_Driver/Src/stm32f4xx_hal_tim.o
                0x0000000008001f6c                HAL_TIM_PWM_PulseFinishedCallback
 .text.HAL_TIM_TriggerCallback
                0x0000000008001f80       0x14 ./Drivers/STM32F4xx_HAL_Driver/Src/stm32f4xx_hal_tim.o
                0x0000000008001f80                HAL_TIM_TriggerCallback
 .text.TIM_Base_SetConfig
                0x0000000008001f94      0x100 ./Drivers/STM32F4xx_HAL_Driver/Src/stm32f4xx_hal_tim.o
                0x0000000008001f94                TIM_Base_SetConfig
 .text.HAL_TIMEx_CommutCallback
                0x0000000008002094       0x14 ./Drivers/STM32F4xx_HAL_Driver/Src/stm32f4xx_hal_tim_ex.o
                0x0000000008002094                HAL_TIMEx_CommutCallback
 .text.HAL_TIMEx_BreakCallback
                0x00000000080020a8       0x14 ./Drivers/STM32F4xx_HAL_Driver/Src/stm32f4xx_hal_tim_ex.o
                0x00000000080020a8                HAL_TIMEx_BreakCallback
 .text.vListInitialise
                0x00000000080020bc       0x40 ./ThirdParty/FreeRTOS/list.o
                0x00000000080020bc                vListInitialise
 .text.vListInitialiseItem
                0x00000000080020fc       0x1a ./ThirdParty/FreeRTOS/list.o
                0x00000000080020fc                vListInitialiseItem
 .text.vListInsertEnd
                0x0000000008002116       0x48 ./ThirdParty/FreeRTOS/list.o
                0x0000000008002116                vListInsertEnd
 .text.uxListRemove
                0x000000000800215e       0x54 ./ThirdParty/FreeRTOS/list.o
                0x000000000800215e                uxListRemove
 .text.xTaskCreate
                0x00000000080021b2       0x82 ./ThirdParty/FreeRTOS/tasks.o
                0x00000000080021b2                xTaskCreate
 .text.prvInitialiseNewTask
                0x0000000008002234      0x12c ./ThirdParty/FreeRTOS/tasks.o
 .text.prvAddNewTaskToReadyList
                0x0000000008002360      0x118 ./ThirdParty/FreeRTOS/tasks.o
 .text.vTaskStartScheduler
                0x0000000008002478       0xb8 ./ThirdParty/FreeRTOS/tasks.o
                0x0000000008002478                vTaskStartScheduler
 .text.vTaskSuspendAll
                0x0000000008002530       0x1c ./ThirdParty/FreeRTOS/tasks.o
                0x0000000008002530                vTaskSuspendAll
 .text.xTaskResumeAll
                0x000000000800254c      0x140 ./ThirdParty/FreeRTOS/tasks.o
                0x000000000800254c                xTaskResumeAll
 .text.xTaskIncrementTick
                0x000000000800268c      0x178 ./ThirdParty/FreeRTOS/tasks.o
                0x000000000800268c                xTaskIncrementTick
 .text.vTaskSwitchContext
                0x0000000008002804       0xd4 ./ThirdParty/FreeRTOS/tasks.o
                0x0000000008002804                vTaskSwitchContext
 .text.prvIdleTask
                0x00000000080028d8       0x30 ./ThirdParty/FreeRTOS/tasks.o
 .text.prvInitialiseTaskLists
                0x0000000008002908       0x80 ./ThirdParty/FreeRTOS/tasks.o
 .text.prvCheckTasksWaitingTermination
                0x0000000008002988       0x5c ./ThirdParty/FreeRTOS/tasks.o
 .text.prvDeleteTCB
                0x00000000080029e4       0x20 ./ThirdParty/FreeRTOS/tasks.o
 .text.prvResetNextTaskUnblockTime
                0x0000000008002a04       0x38 ./ThirdParty/FreeRTOS/tasks.o
 .text.pxPortInitialiseStack
                0x0000000008002a3c       0x68 ./ThirdParty/FreeRTOS/portable/GCC/ARM_CM4F/port.o
                0x0000000008002a3c                pxPortInitialiseStack
 .text.prvTaskExitError
                0x0000000008002aa4       0x58 ./ThirdParty/FreeRTOS/portable/GCC/ARM_CM4F/port.o
 *fill*         0x0000000008002afc        0x4 
 .text.SVC_Handler
                0x0000000008002b00       0x28 ./ThirdParty/FreeRTOS/portable/GCC/ARM_CM4F/port.o
                0x0000000008002b00                SVC_Handler
 .text.prvPortStartFirstTask
                0x0000000008002b28       0x2c ./ThirdParty/FreeRTOS/portable/GCC/ARM_CM4F/port.o
 .text.xPortStartScheduler
                0x0000000008002b54      0x144 ./ThirdParty/FreeRTOS/portable/GCC/ARM_CM4F/port.o
                0x0000000008002b54                xPortStartScheduler
 .text.vInitPrioGroupValue
                0x0000000008002c98       0xfc ./ThirdParty/FreeRTOS/portable/GCC/ARM_CM4F/port.o
                0x0000000008002c98                vInitPrioGroupValue
 .text.vPortEnterCritical
                0x0000000008002d94       0x60 ./ThirdParty/FreeRTOS/portable/GCC/ARM_CM4F/port.o
                0x0000000008002d94                vPortEnterCritical
 .text.vPortExitCritical
                0x0000000008002df4       0x54 ./ThirdParty/FreeRTOS/portable/GCC/ARM_CM4F/port.o
                0x0000000008002df4                vPortExitCritical
 *fill*         0x0000000008002e48        0x8 
 .text.PendSV_Handler
                0x0000000008002e50       0x68 ./ThirdParty/FreeRTOS/portable/GCC/ARM_CM4F/port.o
                0x0000000008002e50                PendSV_Handler
 .text.SysTick_Handler
                0x0000000008002eb8       0x54 ./ThirdParty/FreeRTOS/portable/GCC/ARM_CM4F/port.o
                0x0000000008002eb8                SysTick_Handler
 .text.vPortSetupTimerInterrupt
                0x0000000008002f0c       0x48 ./ThirdParty/FreeRTOS/portable/GCC/ARM_CM4F/port.o
                0x0000000008002f0c                vPortSetupTimerInterrupt
 .text.vPortEnableVFP
                0x0000000008002f54       0x18 ./ThirdParty/FreeRTOS/portable/GCC/ARM_CM4F/port.o
 .text.pvPortMalloc
                0x0000000008002f6c      0x1c0 ./ThirdParty/FreeRTOS/portable/MemMang/heap_4.o
                0x0000000008002f6c                pvPortMalloc
 .text.vPortFree
                0x000000000800312c       0xc4 ./ThirdParty/FreeRTOS/portable/MemMang/heap_4.o
                0x000000000800312c                vPortFree
 .text.prvHeapInit
                0x00000000080031f0       0xc4 ./ThirdParty/FreeRTOS/portable/MemMang/heap_4.o
 .text.prvInsertBlockIntoFreeList
                0x00000000080032b4       0xb4 ./ThirdParty/FreeRTOS/portable/MemMang/heap_4.o
 .text.SYSVIEW_AddTask
                0x0000000008003368       0xd0 ./ThirdParty/SEGGER/OS/SEGGER_SYSVIEW_FreeRTOS.o
                0x0000000008003368                SYSVIEW_AddTask
 .text.SYSVIEW_SendTaskInfo
                0x0000000008003438       0x42 ./ThirdParty/SEGGER/OS/SEGGER_SYSVIEW_FreeRTOS.o
                0x0000000008003438                SYSVIEW_SendTaskInfo
 *fill*         0x000000000800347a        0x2 
 .text.__NVIC_EnableIRQ
                0x000000000800347c       0x3c ./ThirdParty/SEGGER/Rec/segger_uart.o
 .text.__NVIC_SetPriority
                0x00000000080034b8       0x54 ./ThirdParty/SEGGER/Rec/segger_uart.o
 .text._StartSysView
                0x000000000800350c       0x1e ./ThirdParty/SEGGER/Rec/segger_uart.o
 *fill*         0x000000000800352a        0x2 
 .text._cbOnUARTRx
                0x000000000800352c       0x40 ./ThirdParty/SEGGER/Rec/segger_uart.o
 .text._cbOnUARTTx
                0x000000000800356c       0x64 ./ThirdParty/SEGGER/Rec/segger_uart.o
 .text.SEGGER_UART_init
                0x00000000080035d0       0x24 ./ThirdParty/SEGGER/Rec/segger_uart.o
                0x00000000080035d0                SEGGER_UART_init
 .text.USART2_IRQHandler
                0x00000000080035f4       0x94 ./ThirdParty/SEGGER/Rec/segger_uart.o
                0x00000000080035f4                USART2_IRQHandler
 .text.HIF_UART_EnableTXEInterrupt
                0x0000000008003688       0x20 ./ThirdParty/SEGGER/Rec/segger_uart.o
                0x0000000008003688                HIF_UART_EnableTXEInterrupt
 .text.HIF_UART_Init
                0x00000000080036a8       0xf4 ./ThirdParty/SEGGER/Rec/segger_uart.o
                0x00000000080036a8                HIF_UART_Init
 .text._DoInit  0x000000000800379c       0xb0 ./ThirdParty/SEGGER/SEGGER/SEGGER_RTT.o
 .text._WriteBlocking
                0x000000000800384c       0xba ./ThirdParty/SEGGER/SEGGER/SEGGER_RTT.o
 .text._WriteNoCheck
                0x0000000008003906       0x90 ./ThirdParty/SEGGER/SEGGER/SEGGER_RTT.o
 .text._GetAvailWriteSpace
                0x0000000008003996       0x46 ./ThirdParty/SEGGER/SEGGER/SEGGER_RTT.o
 .text.SEGGER_RTT_ReadUpBufferNoLock
                0x00000000080039dc      0x10c ./ThirdParty/SEGGER/SEGGER/SEGGER_RTT.o
                0x00000000080039dc                SEGGER_RTT_ReadUpBufferNoLock
 .text.SEGGER_RTT_ReadNoLock
                0x0000000008003ae8      0x10c ./ThirdParty/SEGGER/SEGGER/SEGGER_RTT.o
                0x0000000008003ae8                SEGGER_RTT_ReadNoLock
 .text.SEGGER_RTT_WriteDownBufferNoLock
                0x0000000008003bf4       0xa0 ./ThirdParty/SEGGER/SEGGER/SEGGER_RTT.o
                0x0000000008003bf4                SEGGER_RTT_WriteDownBufferNoLock
 .text.SEGGER_RTT_WriteDownBuffer
                0x0000000008003c94       0x4c ./ThirdParty/SEGGER/SEGGER/SEGGER_RTT.o
                0x0000000008003c94                SEGGER_RTT_WriteDownBuffer
 .text._EncodeStr
                0x0000000008003ce0       0x9a ./ThirdParty/SEGGER/SEGGER/SEGGER_SYSVIEW.o
 .text._PreparePacket
                0x0000000008003d7a       0x18 ./ThirdParty/SEGGER/SEGGER/SEGGER_SYSVIEW.o
 *fill*         0x0000000008003d92        0x2 
 .text._HandleIncomingPacket
                0x0000000008003d94       0xe0 ./ThirdParty/SEGGER/SEGGER/SEGGER_SYSVIEW.o
 .text._TrySendOverflowPacket
                0x0000000008003e74       0xe8 ./ThirdParty/SEGGER/SEGGER/SEGGER_SYSVIEW.o
 .text._SendPacket
                0x0000000008003f5c      0x1d0 ./ThirdParty/SEGGER/SEGGER/SEGGER_SYSVIEW.o
 .text.SEGGER_SYSVIEW_RecordVoid
                0x000000000800412c       0x3c ./ThirdParty/SEGGER/SEGGER/SEGGER_SYSVIEW.o
                0x000000000800412c                SEGGER_SYSVIEW_RecordVoid
 .text.SEGGER_SYSVIEW_RecordU32
                0x0000000008004168       0x78 ./ThirdParty/SEGGER/SEGGER/SEGGER_SYSVIEW.o
                0x0000000008004168                SEGGER_SYSVIEW_RecordU32
 .text.SEGGER_SYSVIEW_RecordU32x2
                0x00000000080041e0       0xb4 ./ThirdParty/SEGGER/SEGGER/SEGGER_SYSVIEW.o
                0x00000000080041e0                SEGGER_SYSVIEW_RecordU32x2
 .text.SEGGER_SYSVIEW_Start
                0x0000000008004294      0x178 ./ThirdParty/SEGGER/SEGGER/SEGGER_SYSVIEW.o
                0x0000000008004294                SEGGER_SYSVIEW_Start
 .text.SEGGER_SYSVIEW_Stop
                0x000000000800440c       0x4c ./ThirdParty/SEGGER/SEGGER/SEGGER_SYSVIEW.o
                0x000000000800440c                SEGGER_SYSVIEW_Stop
 .text.SEGGER_SYSVIEW_GetSysDesc
                0x0000000008004458      0x134 ./ThirdParty/SEGGER/SEGGER/SEGGER_SYSVIEW.o
                0x0000000008004458                SEGGER_SYSVIEW_GetSysDesc
 .text.SEGGER_SYSVIEW_SendTaskInfo
                0x000000000800458c      0x1c8 ./ThirdParty/SEGGER/SEGGER/SEGGER_SYSVIEW.o
                0x000000000800458c                SEGGER_SYSVIEW_SendTaskInfo
 .text.SEGGER_SYSVIEW_SendTaskList
                0x0000000008004754       0x28 ./ThirdParty/SEGGER/SEGGER/SEGGER_SYSVIEW.o
                0x0000000008004754                SEGGER_SYSVIEW_SendTaskList
 .text.SEGGER_SYSVIEW_RecordSystime
                0x000000000800477c       0x64 ./ThirdParty/SEGGER/SEGGER/SEGGER_SYSVIEW.o
                0x000000000800477c                SEGGER_SYSVIEW_RecordSystime
 .text.SEGGER_SYSVIEW_RecordEnterISR
                0x00000000080047e0       0x84 ./ThirdParty/SEGGER/SEGGER/SEGGER_SYSVIEW.o
                0x00000000080047e0                SEGGER_SYSVIEW_RecordEnterISR
 .text.SEGGER_SYSVIEW_RecordExitISR
                0x0000000008004864       0x38 ./ThirdParty/SEGGER/SEGGER/SEGGER_SYSVIEW.o
                0x0000000008004864                SEGGER_SYSVIEW_RecordExitISR
 .text.SEGGER_SYSVIEW_RecordExitISRToScheduler
                0x000000000800489c       0x38 ./ThirdParty/SEGGER/SEGGER/SEGGER_SYSVIEW.o
                0x000000000800489c                SEGGER_SYSVIEW_RecordExitISRToScheduler
 .text.SEGGER_SYSVIEW_OnIdle
                0x00000000080048d4       0x38 ./ThirdParty/SEGGER/SEGGER/SEGGER_SYSVIEW.o
                0x00000000080048d4                SEGGER_SYSVIEW_OnIdle
 .text.SEGGER_SYSVIEW_OnTaskCreate
                0x000000000800490c       0x84 ./ThirdParty/SEGGER/SEGGER/SEGGER_SYSVIEW.o
                0x000000000800490c                SEGGER_SYSVIEW_OnTaskCreate
 .text.SEGGER_SYSVIEW_OnTaskStartExec
                0x0000000008004990       0x84 ./ThirdParty/SEGGER/SEGGER/SEGGER_SYSVIEW.o
                0x0000000008004990                SEGGER_SYSVIEW_OnTaskStartExec
 .text.SEGGER_SYSVIEW_OnTaskStartReady
                0x0000000008004a14       0x84 ./ThirdParty/SEGGER/SEGGER/SEGGER_SYSVIEW.o
                0x0000000008004a14                SEGGER_SYSVIEW_OnTaskStartReady
 .text.SEGGER_SYSVIEW_SendModule
                0x0000000008004a98      0x100 ./ThirdParty/SEGGER/SEGGER/SEGGER_SYSVIEW.o
                0x0000000008004a98                SEGGER_SYSVIEW_SendModule
 .text.SEGGER_SYSVIEW_SendModuleDescription
                0x0000000008004b98       0x3c ./ThirdParty/SEGGER/SEGGER/SEGGER_SYSVIEW.o
                0x0000000008004b98                SEGGER_SYSVIEW_SendModuleDescription
 .text.SEGGER_SYSVIEW_SendNumModules
                0x0000000008004bd4       0x7c ./ThirdParty/SEGGER/SEGGER/SEGGER_SYSVIEW.o
                0x0000000008004bd4                SEGGER_SYSVIEW_SendNumModules
 .text.SEGGER_SYSVIEW_Warn
                0x0000000008004c50       0xb8 ./ThirdParty/SEGGER/SEGGER/SEGGER_SYSVIEW.o
                0x0000000008004c50                SEGGER_SYSVIEW_Warn
 .text.SEGGER_SYSVIEW_IsStarted
                0x0000000008004d08       0x5c ./ThirdParty/SEGGER/SEGGER/SEGGER_SYSVIEW.o
                0x0000000008004d08                SEGGER_SYSVIEW_IsStarted
 .text.memcmp   0x0000000008004d64       0x20 C:/ST/STM32CubeIDE_1.13.1/STM32CubeIDE/plugins/com.st.stm32cube.ide.mcu.externaltools.gnu-tools-for-stm32.11.3.rel1.win32_1.1.0.202305231506/tools/bin/../lib/gcc/arm-none-eabi/11.3.1/../../../../arm-none-eabi/lib/thumb/v7e-m+fp/hard\libc_nano.a(libc_a-memcmp.o)
                0x0000000008004d64                memcmp
 .text.memset   0x0000000008004d84       0x10 C:/ST/STM32CubeIDE_1.13.1/STM32CubeIDE/plugins/com.st.stm32cube.ide.mcu.externaltools.gnu-tools-for-stm32.11.3.rel1.win32_1.1.0.202305231506/tools/bin/../lib/gcc/arm-none-eabi/11.3.1/../../../../arm-none-eabi/lib/thumb/v7e-m+fp/hard\libc_nano.a(libc_a-memset.o)
                0x0000000008004d84                memset
 .text.__libc_init_array
                0x0000000008004d94       0x48 C:/ST/STM32CubeIDE_1.13.1/STM32CubeIDE/plugins/com.st.stm32cube.ide.mcu.externaltools.gnu-tools-for-stm32.11.3.rel1.win32_1.1.0.202305231506/tools/bin/../lib/gcc/arm-none-eabi/11.3.1/../../../../arm-none-eabi/lib/thumb/v7e-m+fp/hard\libc_nano.a(libc_a-init.o)
                0x0000000008004d94                __libc_init_array
 .text.memcpy   0x0000000008004ddc       0x1c C:/ST/STM32CubeIDE_1.13.1/STM32CubeIDE/plugins/com.st.stm32cube.ide.mcu.externaltools.gnu-tools-for-stm32.11.3.rel1.win32_1.1.0.202305231506/tools/bin/../lib/gcc/arm-none-eabi/11.3.1/../../../../arm-none-eabi/lib/thumb/v7e-m+fp/hard\libc_nano.a(libc_a-memcpy-stub.o)
                0x0000000008004ddc                memcpy
 *(.glue_7)
 .glue_7        0x0000000008004df8        0x0 linker stubs
 *(.glue_7t)
 .glue_7t       0x0000000008004df8        0x0 linker stubs
 *(.eh_frame)
 .eh_frame      0x0000000008004df8        0x0 C:/ST/STM32CubeIDE_1.13.1/STM32CubeIDE/plugins/com.st.stm32cube.ide.mcu.externaltools.gnu-tools-for-stm32.11.3.rel1.win32_1.1.0.202305231506/tools/bin/../lib/gcc/arm-none-eabi/11.3.1/thumb/v7e-m+fp/hard/crtbegin.o
 *(.init)
 .init          0x0000000008004df8        0x4 C:/ST/STM32CubeIDE_1.13.1/STM32CubeIDE/plugins/com.st.stm32cube.ide.mcu.externaltools.gnu-tools-for-stm32.11.3.rel1.win32_1.1.0.202305231506/tools/bin/../lib/gcc/arm-none-eabi/11.3.1/thumb/v7e-m+fp/hard/crti.o
                0x0000000008004df8                _init
 .init          0x0000000008004dfc        0x8 C:/ST/STM32CubeIDE_1.13.1/STM32CubeIDE/plugins/com.st.stm32cube.ide.mcu.externaltools.gnu-tools-for-stm32.11.3.rel1.win32_1.1.0.202305231506/tools/bin/../lib/gcc/arm-none-eabi/11.3.1/thumb/v7e-m+fp/hard/crtn.o
 *(.fini)
 .fini          0x0000000008004e04        0x4 C:/ST/STM32CubeIDE_1.13.1/STM32CubeIDE/plugins/com.st.stm32cube.ide.mcu.externaltools.gnu-tools-for-stm32.11.3.rel1.win32_1.1.0.202305231506/tools/bin/../lib/gcc/arm-none-eabi/11.3.1/thumb/v7e-m+fp/hard/crti.o
                0x0000000008004e04                _fini
 .fini          0x0000000008004e08        0x8 C:/ST/STM32CubeIDE_1.13.1/STM32CubeIDE/plugins/com.st.stm32cube.ide.mcu.externaltools.gnu-tools-for-stm32.11.3.rel1.win32_1.1.0.202305231506/tools/bin/../lib/gcc/arm-none-eabi/11.3.1/thumb/v7e-m+fp/hard/crtn.o
                0x0000000008004e10                . = ALIGN (0x4)
                0x0000000008004e10                _etext = .

.vfp11_veneer   0x0000000008004e10        0x0
 .vfp11_veneer  0x0000000008004e10        0x0 linker stubs

.v4_bx          0x0000000008004e10        0x0
 .v4_bx         0x0000000008004e10        0x0 linker stubs

.iplt           0x0000000008004e10        0x0
 .iplt          0x0000000008004e10        0x0 C:/ST/STM32CubeIDE_1.13.1/STM32CubeIDE/plugins/com.st.stm32cube.ide.mcu.externaltools.gnu-tools-for-stm32.11.3.rel1.win32_1.1.0.202305231506/tools/bin/../lib/gcc/arm-none-eabi/11.3.1/thumb/v7e-m+fp/hard/crtbegin.o

.rodata         0x0000000008004e10       0xd0
                0x0000000008004e10                . = ALIGN (0x4)
 *(.rodata)
 .rodata        0x0000000008004e10       0x30 ./Core/Src/main.o
 .rodata        0x0000000008004e40        0x5 ./ThirdParty/FreeRTOS/tasks.o
 *fill*         0x0000000008004e45        0x3 
 .rodata        0x0000000008004e48       0x58 ./ThirdParty/SEGGER/OS/SEGGER_SYSVIEW_FreeRTOS.o
 .rodata        0x0000000008004ea0       0x17 ./ThirdParty/SEGGER/SEGGER/SEGGER_RTT.o
 *(.rodata*)
 *fill*         0x0000000008004eb7        0x1 
 .rodata.AHBPrescTable
                0x0000000008004eb8       0x10 ./Core/Src/system_stm32f4xx.o
                0x0000000008004eb8                AHBPrescTable
 .rodata.APBPrescTable
                0x0000000008004ec8        0x8 ./Core/Src/system_stm32f4xx.o
                0x0000000008004ec8                APBPrescTable
 .rodata._abHelloMsg
                0x0000000008004ed0        0x4 ./ThirdParty/SEGGER/Rec/segger_uart.o
 .rodata._abSync
                0x0000000008004ed4        0xa ./ThirdParty/SEGGER/SEGGER/SEGGER_SYSVIEW.o
                0x0000000008004ee0                . = ALIGN (0x4)
 *fill*         0x0000000008004ede        0x2 

.ARM.extab      0x0000000008004ee0        0x0
                0x0000000008004ee0                . = ALIGN (0x4)
 *(.ARM.extab* .gnu.linkonce.armextab.*)
                0x0000000008004ee0                . = ALIGN (0x4)

.ARM            0x0000000008004ee0        0x8
                0x0000000008004ee0                . = ALIGN (0x4)
                0x0000000008004ee0                __exidx_start = .
 *(.ARM.exidx*)
 .ARM.exidx     0x0000000008004ee0        0x8 C:/ST/STM32CubeIDE_1.13.1/STM32CubeIDE/plugins/com.st.stm32cube.ide.mcu.externaltools.gnu-tools-for-stm32.11.3.rel1.win32_1.1.0.202305231506/tools/bin/../lib/gcc/arm-none-eabi/11.3.1/thumb/v7e-m+fp/hard\libgcc.a(_udivmoddi4.o)
                0x0000000008004ee8                __exidx_end = .
                0x0000000008004ee8                . = ALIGN (0x4)

.rel.dyn        0x0000000008004ee8        0x0
 .rel.iplt      0x0000000008004ee8        0x0 C:/ST/STM32CubeIDE_1.13.1/STM32CubeIDE/plugins/com.st.stm32cube.ide.mcu.externaltools.gnu-tools-for-stm32.11.3.rel1.win32_1.1.0.202305231506/tools/bin/../lib/gcc/arm-none-eabi/11.3.1/thumb/v7e-m+fp/hard/crtbegin.o

.preinit_array  0x0000000008004ee8        0x0
                0x0000000008004ee8                . = ALIGN (0x4)
                0x0000000008004ee8                PROVIDE (__preinit_array_start = .)
 *(.preinit_array*)
                0x0000000008004ee8                PROVIDE (__preinit_array_end = .)
                0x0000000008004ee8                . = ALIGN (0x4)

.init_array     0x0000000008004ee8        0x4
                0x0000000008004ee8                . = ALIGN (0x4)
                0x0000000008004ee8                PROVIDE (__init_array_start = .)
 *(SORT_BY_NAME(.init_array.*))
 *(.init_array*)
 .init_array    0x0000000008004ee8        0x4 C:/ST/STM32CubeIDE_1.13.1/STM32CubeIDE/plugins/com.st.stm32cube.ide.mcu.externaltools.gnu-tools-for-stm32.11.3.rel1.win32_1.1.0.202305231506/tools/bin/../lib/gcc/arm-none-eabi/11.3.1/thumb/v7e-m+fp/hard/crtbegin.o
                0x0000000008004eec                PROVIDE (__init_array_end = .)
                0x0000000008004eec                . = ALIGN (0x4)

.fini_array     0x0000000008004eec        0x4
                0x0000000008004eec                . = ALIGN (0x4)
                [!provide]                        PROVIDE (__fini_array_start = .)
 *(SORT_BY_NAME(.fini_array.*))
 *(.fini_array*)
 .fini_array    0x0000000008004eec        0x4 C:/ST/STM32CubeIDE_1.13.1/STM32CubeIDE/plugins/com.st.stm32cube.ide.mcu.externaltools.gnu-tools-for-stm32.11.3.rel1.win32_1.1.0.202305231506/tools/bin/../lib/gcc/arm-none-eabi/11.3.1/thumb/v7e-m+fp/hard/crtbegin.o
                [!provide]                        PROVIDE (__fini_array_end = .)
                0x0000000008004ef0                . = ALIGN (0x4)
                0x0000000008004ef0                _sidata = LOADADDR (.data)

.data           0x0000000020000000       0x1c load address 0x0000000008004ef0
                0x0000000020000000                . = ALIGN (0x4)
                0x0000000020000000                _sdata = .
 *(.data)
 *(.data*)
 .data.SystemCoreClock
                0x0000000020000000        0x4 ./Core/Src/system_stm32f4xx.o
                0x0000000020000000                SystemCoreClock
 .data.uwTickPrio
                0x0000000020000004        0x4 ./Drivers/STM32F4xx_HAL_Driver/Src/stm32f4xx_hal.o
                0x0000000020000004                uwTickPrio
 .data.uwTickFreq
                0x0000000020000008        0x1 ./Drivers/STM32F4xx_HAL_Driver/Src/stm32f4xx_hal.o
                0x0000000020000008                uwTickFreq
 *fill*         0x0000000020000009        0x3 
 .data.uxTopUsedPriority
                0x000000002000000c        0x4 ./ThirdParty/FreeRTOS/tasks.o
                0x000000002000000c                uxTopUsedPriority
 .data.uxCriticalNesting
                0x0000000020000010        0x4 ./ThirdParty/FreeRTOS/portable/GCC/ARM_CM4F/port.o
 .data._SVInfo  0x0000000020000014        0x8 ./ThirdParty/SEGGER/Rec/segger_uart.o
 *(.RamFunc)
 *(.RamFunc*)
                0x000000002000001c                . = ALIGN (0x4)
                0x000000002000001c                _edata = .

.igot.plt       0x000000002000001c        0x0 load address 0x0000000008004f0c
 .igot.plt      0x000000002000001c        0x0 C:/ST/STM32CubeIDE_1.13.1/STM32CubeIDE/plugins/com.st.stm32cube.ide.mcu.externaltools.gnu-tools-for-stm32.11.3.rel1.win32_1.1.0.202305231506/tools/bin/../lib/gcc/arm-none-eabi/11.3.1/thumb/v7e-m+fp/hard/crtbegin.o
                0x000000002000001c                . = ALIGN (0x4)

.bss            0x000000002000001c    0x1980c load address 0x0000000008004f0c
                0x000000002000001c                _sbss = .
                0x000000002000001c                __bss_start__ = _sbss
 *(.bss)
 .bss           0x000000002000001c       0x1c C:/ST/STM32CubeIDE_1.13.1/STM32CubeIDE/plugins/com.st.stm32cube.ide.mcu.externaltools.gnu-tools-for-stm32.11.3.rel1.win32_1.1.0.202305231506/tools/bin/../lib/gcc/arm-none-eabi/11.3.1/thumb/v7e-m+fp/hard/crtbegin.o
 *(.bss*)
 .bss.htim1     0x0000000020000038       0x48 ./Core/Src/stm32f4xx_hal_timebase_tim.o
                0x0000000020000038                htim1
 .bss.uwTick    0x0000000020000080        0x4 ./Drivers/STM32F4xx_HAL_Driver/Src/stm32f4xx_hal.o
                0x0000000020000080                uwTick
 .bss.pxCurrentTCB
                0x0000000020000084        0x4 ./ThirdParty/FreeRTOS/tasks.o
                0x0000000020000084                pxCurrentTCB
 .bss.pxReadyTasksLists
                0x0000000020000088       0x64 ./ThirdParty/FreeRTOS/tasks.o
 .bss.xDelayedTaskList1
                0x00000000200000ec       0x14 ./ThirdParty/FreeRTOS/tasks.o
 .bss.xDelayedTaskList2
                0x0000000020000100       0x14 ./ThirdParty/FreeRTOS/tasks.o
 .bss.pxDelayedTaskList
                0x0000000020000114        0x4 ./ThirdParty/FreeRTOS/tasks.o
 .bss.pxOverflowDelayedTaskList
                0x0000000020000118        0x4 ./ThirdParty/FreeRTOS/tasks.o
 .bss.xPendingReadyList
                0x000000002000011c       0x14 ./ThirdParty/FreeRTOS/tasks.o
 .bss.xTasksWaitingTermination
                0x0000000020000130       0x14 ./ThirdParty/FreeRTOS/tasks.o
 .bss.uxDeletedTasksWaitingCleanUp
                0x0000000020000144        0x4 ./ThirdParty/FreeRTOS/tasks.o
 .bss.xSuspendedTaskList
                0x0000000020000148       0x14 ./ThirdParty/FreeRTOS/tasks.o
 .bss.uxCurrentNumberOfTasks
                0x000000002000015c        0x4 ./ThirdParty/FreeRTOS/tasks.o
 .bss.xTickCount
                0x0000000020000160        0x4 ./ThirdParty/FreeRTOS/tasks.o
 .bss.uxTopReadyPriority
                0x0000000020000164        0x4 ./ThirdParty/FreeRTOS/tasks.o
 .bss.xSchedulerRunning
                0x0000000020000168        0x4 ./ThirdParty/FreeRTOS/tasks.o
 .bss.xPendedTicks
                0x000000002000016c        0x4 ./ThirdParty/FreeRTOS/tasks.o
 .bss.xYieldPending
                0x0000000020000170        0x4 ./ThirdParty/FreeRTOS/tasks.o
 .bss.xNumOfOverflows
                0x0000000020000174        0x4 ./ThirdParty/FreeRTOS/tasks.o
 .bss.uxTaskNumber
                0x0000000020000178        0x4 ./ThirdParty/FreeRTOS/tasks.o
 .bss.xNextTaskUnblockTime
                0x000000002000017c        0x4 ./ThirdParty/FreeRTOS/tasks.o
 .bss.xIdleTaskHandle
                0x0000000020000180        0x4 ./ThirdParty/FreeRTOS/tasks.o
 .bss.uxSchedulerSuspended
                0x0000000020000184        0x4 ./ThirdParty/FreeRTOS/tasks.o
 .bss.ucMaxSysCallPriority
                0x0000000020000188        0x1 ./ThirdParty/FreeRTOS/portable/GCC/ARM_CM4F/port.o
 *fill*         0x0000000020000189        0x3 
 .bss.ulMaxPRIGROUPValue
                0x000000002000018c        0x4 ./ThirdParty/FreeRTOS/portable/GCC/ARM_CM4F/port.o
 .bss.ucHeap    0x0000000020000190    0x19000 ./ThirdParty/FreeRTOS/portable/MemMang/heap_4.o
 .bss.xStart    0x0000000020019190        0x8 ./ThirdParty/FreeRTOS/portable/MemMang/heap_4.o
 .bss.pxEnd     0x0000000020019198        0x4 ./ThirdParty/FreeRTOS/portable/MemMang/heap_4.o
 .bss.xFreeBytesRemaining
                0x000000002001919c        0x4 ./ThirdParty/FreeRTOS/portable/MemMang/heap_4.o
 .bss.xMinimumEverFreeBytesRemaining
                0x00000000200191a0        0x4 ./ThirdParty/FreeRTOS/portable/MemMang/heap_4.o
 .bss.xNumberOfSuccessfulAllocations
                0x00000000200191a4        0x4 ./ThirdParty/FreeRTOS/portable/MemMang/heap_4.o
 .bss.xNumberOfSuccessfulFrees
                0x00000000200191a8        0x4 ./ThirdParty/FreeRTOS/portable/MemMang/heap_4.o
 .bss.xBlockAllocatedBit
                0x00000000200191ac        0x4 ./ThirdParty/FreeRTOS/portable/MemMang/heap_4.o
 .bss._aTasks   0x00000000200191b0       0xa0 ./ThirdParty/SEGGER/OS/SEGGER_SYSVIEW_FreeRTOS.o
 .bss._NumTasks
                0x0000000020019250        0x4 ./ThirdParty/SEGGER/OS/SEGGER_SYSVIEW_FreeRTOS.o
 .bss._cbOnRx   0x0000000020019254        0x4 ./ThirdParty/SEGGER/Rec/segger_uart.o
 .bss._cbOnTx   0x0000000020019258        0x4 ./ThirdParty/SEGGER/Rec/segger_uart.o
 .bss._SEGGER_RTT
                0x000000002001925c       0xa8 ./ThirdParty/SEGGER/SEGGER/SEGGER_RTT.o
                0x000000002001925c                _SEGGER_RTT
 .bss._acUpBuffer
                0x0000000020019304      0x400 ./ThirdParty/SEGGER/SEGGER/SEGGER_RTT.o
 .bss._acDownBuffer
                0x0000000020019704       0x10 ./ThirdParty/SEGGER/SEGGER/SEGGER_RTT.o
 .bss._SYSVIEW_Globals
                0x0000000020019714       0x28 ./ThirdParty/SEGGER/SEGGER/SEGGER_SYSVIEW.o
 .bss._pFirstModule
                0x000000002001973c        0x4 ./ThirdParty/SEGGER/SEGGER/SEGGER_SYSVIEW.o
 .bss._NumModules
                0x0000000020019740        0x1 ./ThirdParty/SEGGER/SEGGER/SEGGER_SYSVIEW.o
 *fill*         0x0000000020019741        0x3 
 .bss._aPacket  0x0000000020019744       0xe3 ./ThirdParty/SEGGER/SEGGER/SEGGER_SYSVIEW.o
 *(COMMON)
                0x0000000020019828                . = ALIGN (0x4)
 *fill*         0x0000000020019827        0x1 
                0x0000000020019828                _ebss = .
                0x0000000020019828                __bss_end__ = _ebss

._user_heap_stack
                0x0000000020019828      0x600 load address 0x0000000008004f0c
                0x0000000020019828                . = ALIGN (0x8)
                0x0000000020019828                PROVIDE (end = .)
                [!provide]                        PROVIDE (_end = .)
                0x0000000020019a28                . = (. + _Min_Heap_Size)
 *fill*         0x0000000020019828      0x200 
                0x0000000020019e28                . = (. + _Min_Stack_Size)
 *fill*         0x0000000020019a28      0x400 
                0x0000000020019e28                . = ALIGN (0x8)

/DISCARD/
 libc.a(*)
 libm.a(*)
 libgcc.a(*)

.ARM.attributes
                0x0000000000000000       0x30
 *(.ARM.attributes)
 .ARM.attributes
                0x0000000000000000       0x1e C:/ST/STM32CubeIDE_1.13.1/STM32CubeIDE/plugins/com.st.stm32cube.ide.mcu.externaltools.gnu-tools-for-stm32.11.3.rel1.win32_1.1.0.202305231506/tools/bin/../lib/gcc/arm-none-eabi/11.3.1/thumb/v7e-m+fp/hard/crti.o
 .ARM.attributes
                0x000000000000001e       0x34 C:/ST/STM32CubeIDE_1.13.1/STM32CubeIDE/plugins/com.st.stm32cube.ide.mcu.externaltools.gnu-tools-for-stm32.11.3.rel1.win32_1.1.0.202305231506/tools/bin/../lib/gcc/arm-none-eabi/11.3.1/thumb/v7e-m+fp/hard/crtbegin.o
 .ARM.attributes
                0x0000000000000052       0x34 ./Core/Src/main.o
 .ARM.attributes
                0x0000000000000086       0x34 ./Core/Src/stm32f4xx_hal_msp.o
 .ARM.attributes
                0x00000000000000ba       0x34 ./Core/Src/stm32f4xx_hal_timebase_tim.o
 .ARM.attributes
                0x00000000000000ee       0x34 ./Core/Src/stm32f4xx_it.o
 .ARM.attributes
                0x0000000000000122       0x34 ./Core/Src/system_stm32f4xx.o
 .ARM.attributes
                0x0000000000000156       0x21 ./Core/Startup/startup_stm32f411vetx.o
 .ARM.attributes
                0x0000000000000177       0x34 ./Drivers/STM32F4xx_HAL_Driver/Src/stm32f4xx_hal.o
 .ARM.attributes
                0x00000000000001ab       0x34 ./Drivers/STM32F4xx_HAL_Driver/Src/stm32f4xx_hal_cortex.o
 .ARM.attributes
                0x00000000000001df       0x34 ./Drivers/STM32F4xx_HAL_Driver/Src/stm32f4xx_hal_gpio.o
 .ARM.attributes
                0x0000000000000213       0x34 ./Drivers/STM32F4xx_HAL_Driver/Src/stm32f4xx_hal_rcc.o
 .ARM.attributes
                0x0000000000000247       0x34 ./Drivers/STM32F4xx_HAL_Driver/Src/stm32f4xx_hal_tim.o
 .ARM.attributes
                0x000000000000027b       0x34 ./Drivers/STM32F4xx_HAL_Driver/Src/stm32f4xx_hal_tim_ex.o
 .ARM.attributes
                0x00000000000002af       0x34 ./ThirdParty/FreeRTOS/list.o
 .ARM.attributes
                0x00000000000002e3       0x34 ./ThirdParty/FreeRTOS/tasks.o
 .ARM.attributes
                0x0000000000000317       0x34 ./ThirdParty/FreeRTOS/portable/GCC/ARM_CM4F/port.o
 .ARM.attributes
                0x000000000000034b       0x34 ./ThirdParty/FreeRTOS/portable/MemMang/heap_4.o
 .ARM.attributes
                0x000000000000037f       0x34 ./ThirdParty/SEGGER/OS/SEGGER_SYSVIEW_FreeRTOS.o
 .ARM.attributes
                0x00000000000003b3       0x34 ./ThirdParty/SEGGER/Rec/segger_uart.o
 .ARM.attributes
                0x00000000000003e7       0x34 ./ThirdParty/SEGGER/SEGGER/SEGGER_RTT.o
 .ARM.attributes
                0x000000000000041b       0x20 ./ThirdParty/SEGGER/SEGGER/SEGGER_RTT_ASM_ARMv7M.o
 .ARM.attributes
                0x000000000000043b       0x34 ./ThirdParty/SEGGER/SEGGER/SEGGER_SYSVIEW.o
 .ARM.attributes
                0x000000000000046f       0x34 C:/ST/STM32CubeIDE_1.13.1/STM32CubeIDE/plugins/com.st.stm32cube.ide.mcu.externaltools.gnu-tools-for-stm32.11.3.rel1.win32_1.1.0.202305231506/tools/bin/../lib/gcc/arm-none-eabi/11.3.1/../../../../arm-none-eabi/lib/thumb/v7e-m+fp/hard\libc_nano.a(libc_a-memcmp.o)
 .ARM.attributes
                0x00000000000004a3       0x34 C:/ST/STM32CubeIDE_1.13.1/STM32CubeIDE/plugins/com.st.stm32cube.ide.mcu.externaltools.gnu-tools-for-stm32.11.3.rel1.win32_1.1.0.202305231506/tools/bin/../lib/gcc/arm-none-eabi/11.3.1/../../../../arm-none-eabi/lib/thumb/v7e-m+fp/hard\libc_nano.a(libc_a-memset.o)
 .ARM.attributes
                0x00000000000004d7       0x34 C:/ST/STM32CubeIDE_1.13.1/STM32CubeIDE/plugins/com.st.stm32cube.ide.mcu.externaltools.gnu-tools-for-stm32.11.3.rel1.win32_1.1.0.202305231506/tools/bin/../lib/gcc/arm-none-eabi/11.3.1/../../../../arm-none-eabi/lib/thumb/v7e-m+fp/hard\libc_nano.a(libc_a-init.o)
 .ARM.attributes
                0x000000000000050b       0x34 C:/ST/STM32CubeIDE_1.13.1/STM32CubeIDE/plugins/com.st.stm32cube.ide.mcu.externaltools.gnu-tools-for-stm32.11.3.rel1.win32_1.1.0.202305231506/tools/bin/../lib/gcc/arm-none-eabi/11.3.1/../../../../arm-none-eabi/lib/thumb/v7e-m+fp/hard\libc_nano.a(libc_a-memcpy-stub.o)
 .ARM.attributes
                0x000000000000053f       0x1e C:/ST/STM32CubeIDE_1.13.1/STM32CubeIDE/plugins/com.st.stm32cube.ide.mcu.externaltools.gnu-tools-for-stm32.11.3.rel1.win32_1.1.0.202305231506/tools/bin/../lib/gcc/arm-none-eabi/11.3.1/thumb/v7e-m+fp/hard\libgcc.a(_aeabi_uldivmod.o)
 .ARM.attributes
                0x000000000000055d       0x34 C:/ST/STM32CubeIDE_1.13.1/STM32CubeIDE/plugins/com.st.stm32cube.ide.mcu.externaltools.gnu-tools-for-stm32.11.3.rel1.win32_1.1.0.202305231506/tools/bin/../lib/gcc/arm-none-eabi/11.3.1/thumb/v7e-m+fp/hard\libgcc.a(_udivmoddi4.o)
 .ARM.attributes
                0x0000000000000591       0x1e C:/ST/STM32CubeIDE_1.13.1/STM32CubeIDE/plugins/com.st.stm32cube.ide.mcu.externaltools.gnu-tools-for-stm32.11.3.rel1.win32_1.1.0.202305231506/tools/bin/../lib/gcc/arm-none-eabi/11.3.1/thumb/v7e-m+fp/hard\libgcc.a(_dvmd_tls.o)
 .ARM.attributes
                0x00000000000005af       0x1e C:/ST/STM32CubeIDE_1.13.1/STM32CubeIDE/plugins/com.st.stm32cube.ide.mcu.externaltools.gnu-tools-for-stm32.11.3.rel1.win32_1.1.0.202305231506/tools/bin/../lib/gcc/arm-none-eabi/11.3.1/thumb/v7e-m+fp/hard/crtn.o
OUTPUT(002LED_Task.elf elf32-littlearm)
LOAD linker stubs
LOAD C:/ST/STM32CubeIDE_1.13.1/STM32CubeIDE/plugins/com.st.stm32cube.ide.mcu.externaltools.gnu-tools-for-stm32.11.3.rel1.win32_1.1.0.202305231506/tools/bin/../lib/gcc/arm-none-eabi/11.3.1/../../../../arm-none-eabi/lib/thumb/v7e-m+fp/hard\libc.a
LOAD C:/ST/STM32CubeIDE_1.13.1/STM32CubeIDE/plugins/com.st.stm32cube.ide.mcu.externaltools.gnu-tools-for-stm32.11.3.rel1.win32_1.1.0.202305231506/tools/bin/../lib/gcc/arm-none-eabi/11.3.1/../../../../arm-none-eabi/lib/thumb/v7e-m+fp/hard\libm.a
LOAD C:/ST/STM32CubeIDE_1.13.1/STM32CubeIDE/plugins/com.st.stm32cube.ide.mcu.externaltools.gnu-tools-for-stm32.11.3.rel1.win32_1.1.0.202305231506/tools/bin/../lib/gcc/arm-none-eabi/11.3.1/thumb/v7e-m+fp/hard\libgcc.a

.comment        0x0000000000000000       0x43
 .comment       0x0000000000000000       0x43 C:/ST/STM32CubeIDE_1.13.1/STM32CubeIDE/plugins/com.st.stm32cube.ide.mcu.externaltools.gnu-tools-for-stm32.11.3.rel1.win32_1.1.0.202305231506/tools/bin/../lib/gcc/arm-none-eabi/11.3.1/thumb/v7e-m+fp/hard/crtbegin.o
                                         0x44 (size before relaxing)
 .comment       0x0000000000000043       0x44 ./Core/Src/main.o
 .comment       0x0000000000000043       0x44 ./Core/Src/stm32f4xx_hal_msp.o
 .comment       0x0000000000000043       0x44 ./Core/Src/stm32f4xx_hal_timebase_tim.o
 .comment       0x0000000000000043       0x44 ./Core/Src/stm32f4xx_it.o
 .comment       0x0000000000000043       0x44 ./Core/Src/system_stm32f4xx.o
 .comment       0x0000000000000043       0x44 ./Drivers/STM32F4xx_HAL_Driver/Src/stm32f4xx_hal.o
 .comment       0x0000000000000043       0x44 ./Drivers/STM32F4xx_HAL_Driver/Src/stm32f4xx_hal_cortex.o
 .comment       0x0000000000000043       0x44 ./Drivers/STM32F4xx_HAL_Driver/Src/stm32f4xx_hal_gpio.o
 .comment       0x0000000000000043       0x44 ./Drivers/STM32F4xx_HAL_Driver/Src/stm32f4xx_hal_rcc.o
 .comment       0x0000000000000043       0x44 ./Drivers/STM32F4xx_HAL_Driver/Src/stm32f4xx_hal_tim.o
 .comment       0x0000000000000043       0x44 ./Drivers/STM32F4xx_HAL_Driver/Src/stm32f4xx_hal_tim_ex.o
 .comment       0x0000000000000043       0x44 ./ThirdParty/FreeRTOS/list.o
 .comment       0x0000000000000043       0x44 ./ThirdParty/FreeRTOS/tasks.o
 .comment       0x0000000000000043       0x44 ./ThirdParty/FreeRTOS/portable/GCC/ARM_CM4F/port.o
 .comment       0x0000000000000043       0x44 ./ThirdParty/FreeRTOS/portable/MemMang/heap_4.o
 .comment       0x0000000000000043       0x44 ./ThirdParty/SEGGER/OS/SEGGER_SYSVIEW_FreeRTOS.o
 .comment       0x0000000000000043       0x44 ./ThirdParty/SEGGER/Rec/segger_uart.o
 .comment       0x0000000000000043       0x44 ./ThirdParty/SEGGER/SEGGER/SEGGER_RTT.o
 .comment       0x0000000000000043       0x44 ./ThirdParty/SEGGER/SEGGER/SEGGER_SYSVIEW.o

.debug_info     0x0000000000000000    0x11054
 .debug_info    0x0000000000000000      0xecc ./Core/Src/main.o
 .debug_info    0x0000000000000ecc      0x2a0 ./Core/Src/stm32f4xx_hal_msp.o
 .debug_info    0x000000000000116c      0xb75 ./Core/Src/stm32f4xx_hal_timebase_tim.o
 .debug_info    0x0000000000001ce1      0x6a4 ./Core/Src/stm32f4xx_it.o
 .debug_info    0x0000000000002385      0x53e ./Core/Src/system_stm32f4xx.o
 .debug_info    0x00000000000028c3       0x23 ./Core/Startup/startup_stm32f411vetx.o
 .debug_info    0x00000000000028e6      0x8c4 ./Drivers/STM32F4xx_HAL_Driver/Src/stm32f4xx_hal.o
 .debug_info    0x00000000000031aa      0xcb6 ./Drivers/STM32F4xx_HAL_Driver/Src/stm32f4xx_hal_cortex.o
 .debug_info    0x0000000000003e60      0x6f9 ./Drivers/STM32F4xx_HAL_Driver/Src/stm32f4xx_hal_gpio.o
 .debug_info    0x0000000000004559      0x8f2 ./Drivers/STM32F4xx_HAL_Driver/Src/stm32f4xx_hal_rcc.o
 .debug_info    0x0000000000004e4b     0x2941 ./Drivers/STM32F4xx_HAL_Driver/Src/stm32f4xx_hal_tim.o
 .debug_info    0x000000000000778c     0x14a7 ./Drivers/STM32F4xx_HAL_Driver/Src/stm32f4xx_hal_tim_ex.o
 .debug_info    0x0000000000008c33      0x2af ./ThirdParty/FreeRTOS/list.o
 .debug_info    0x0000000000008ee2     0x21bb ./ThirdParty/FreeRTOS/tasks.o
 .debug_info    0x000000000000b09d      0x59d ./ThirdParty/FreeRTOS/portable/GCC/ARM_CM4F/port.o
 .debug_info    0x000000000000b63a      0x4d5 ./ThirdParty/FreeRTOS/portable/MemMang/heap_4.o
 .debug_info    0x000000000000bb0f      0x411 ./ThirdParty/SEGGER/OS/SEGGER_SYSVIEW_FreeRTOS.o
 .debug_info    0x000000000000bf20      0x814 ./ThirdParty/SEGGER/Rec/segger_uart.o
 .debug_info    0x000000000000c734     0x13d7 ./ThirdParty/SEGGER/SEGGER/SEGGER_RTT.o
 .debug_info    0x000000000000db0b       0x25 ./ThirdParty/SEGGER/SEGGER/SEGGER_RTT_ASM_ARMv7M.o
 .debug_info    0x000000000000db30     0x3524 ./ThirdParty/SEGGER/SEGGER/SEGGER_SYSVIEW.o

.debug_abbrev   0x0000000000000000     0x2a76
 .debug_abbrev  0x0000000000000000      0x2ce ./Core/Src/main.o
 .debug_abbrev  0x00000000000002ce       0xeb ./Core/Src/stm32f4xx_hal_msp.o
 .debug_abbrev  0x00000000000003b9      0x207 ./Core/Src/stm32f4xx_hal_timebase_tim.o
 .debug_abbrev  0x00000000000005c0      0x190 ./Core/Src/stm32f4xx_it.o
 .debug_abbrev  0x0000000000000750      0x11a ./Core/Src/system_stm32f4xx.o
 .debug_abbrev  0x000000000000086a       0x12 ./Core/Startup/startup_stm32f411vetx.o
 .debug_abbrev  0x000000000000087c      0x24b ./Drivers/STM32F4xx_HAL_Driver/Src/stm32f4xx_hal.o
 .debug_abbrev  0x0000000000000ac7      0x327 ./Drivers/STM32F4xx_HAL_Driver/Src/stm32f4xx_hal_cortex.o
 .debug_abbrev  0x0000000000000dee      0x1d3 ./Drivers/STM32F4xx_HAL_Driver/Src/stm32f4xx_hal_gpio.o
 .debug_abbrev  0x0000000000000fc1      0x2b5 ./Drivers/STM32F4xx_HAL_Driver/Src/stm32f4xx_hal_rcc.o
 .debug_abbrev  0x0000000000001276      0x284 ./Drivers/STM32F4xx_HAL_Driver/Src/stm32f4xx_hal_tim.o
 .debug_abbrev  0x00000000000014fa      0x28f ./Drivers/STM32F4xx_HAL_Driver/Src/stm32f4xx_hal_tim_ex.o
 .debug_abbrev  0x0000000000001789       0xf5 ./ThirdParty/FreeRTOS/list.o
 .debug_abbrev  0x000000000000187e      0x39b ./ThirdParty/FreeRTOS/tasks.o
 .debug_abbrev  0x0000000000001c19      0x25a ./ThirdParty/FreeRTOS/portable/GCC/ARM_CM4F/port.o
 .debug_abbrev  0x0000000000001e73      0x21e ./ThirdParty/FreeRTOS/portable/MemMang/heap_4.o
 .debug_abbrev  0x0000000000002091      0x1a4 ./ThirdParty/SEGGER/OS/SEGGER_SYSVIEW_FreeRTOS.o
 .debug_abbrev  0x0000000000002235      0x28c ./ThirdParty/SEGGER/Rec/segger_uart.o
 .debug_abbrev  0x00000000000024c1      0x258 ./ThirdParty/SEGGER/SEGGER/SEGGER_RTT.o
 .debug_abbrev  0x0000000000002719       0x14 ./ThirdParty/SEGGER/SEGGER/SEGGER_RTT_ASM_ARMv7M.o
 .debug_abbrev  0x000000000000272d      0x349 ./ThirdParty/SEGGER/SEGGER/SEGGER_SYSVIEW.o

.debug_aranges  0x0000000000000000     0x1108
 .debug_aranges
                0x0000000000000000       0x58 ./Core/Src/main.o
 .debug_aranges
                0x0000000000000058       0x20 ./Core/Src/stm32f4xx_hal_msp.o
 .debug_aranges
                0x0000000000000078       0x30 ./Core/Src/stm32f4xx_hal_timebase_tim.o
 .debug_aranges
                0x00000000000000a8       0x50 ./Core/Src/stm32f4xx_it.o
 .debug_aranges
                0x00000000000000f8       0x28 ./Core/Src/system_stm32f4xx.o
 .debug_aranges
                0x0000000000000120       0x28 ./Core/Startup/startup_stm32f411vetx.o
 .debug_aranges
                0x0000000000000148       0xf0 ./Drivers/STM32F4xx_HAL_Driver/Src/stm32f4xx_hal.o
 .debug_aranges
                0x0000000000000238      0x118 ./Drivers/STM32F4xx_HAL_Driver/Src/stm32f4xx_hal_cortex.o
 .debug_aranges
                0x0000000000000350       0x58 ./Drivers/STM32F4xx_HAL_Driver/Src/stm32f4xx_hal_gpio.o
 .debug_aranges
                0x00000000000003a8       0x88 ./Drivers/STM32F4xx_HAL_Driver/Src/stm32f4xx_hal_rcc.o
 .debug_aranges
                0x0000000000000430      0x3d0 ./Drivers/STM32F4xx_HAL_Driver/Src/stm32f4xx_hal_tim.o
 .debug_aranges
                0x0000000000000800      0x168 ./Drivers/STM32F4xx_HAL_Driver/Src/stm32f4xx_hal_tim_ex.o
 .debug_aranges
                0x0000000000000968       0x40 ./ThirdParty/FreeRTOS/list.o
 .debug_aranges
                0x00000000000009a8      0x1f8 ./ThirdParty/FreeRTOS/tasks.o
 .debug_aranges
                0x0000000000000ba0       0x88 ./ThirdParty/FreeRTOS/portable/GCC/ARM_CM4F/port.o
 .debug_aranges
                0x0000000000000c28       0x58 ./ThirdParty/FreeRTOS/portable/MemMang/heap_4.o
 .debug_aranges
                0x0000000000000c80       0x48 ./ThirdParty/SEGGER/OS/SEGGER_SYSVIEW_FreeRTOS.o
 .debug_aranges
                0x0000000000000cc8       0x68 ./ThirdParty/SEGGER/Rec/segger_uart.o
 .debug_aranges
                0x0000000000000d30      0x138 ./ThirdParty/SEGGER/SEGGER/SEGGER_RTT.o
 .debug_aranges
                0x0000000000000e68       0x20 ./ThirdParty/SEGGER/SEGGER/SEGGER_RTT_ASM_ARMv7M.o
 .debug_aranges
                0x0000000000000e88      0x280 ./ThirdParty/SEGGER/SEGGER/SEGGER_SYSVIEW.o

.debug_rnglists
                0x0000000000000000      0xd1a
 .debug_rnglists
                0x0000000000000000       0x40 ./Core/Src/main.o
 .debug_rnglists
                0x0000000000000040       0x13 ./Core/Src/stm32f4xx_hal_msp.o
 .debug_rnglists
                0x0000000000000053       0x20 ./Core/Src/stm32f4xx_hal_timebase_tim.o
 .debug_rnglists
                0x0000000000000073       0x37 ./Core/Src/stm32f4xx_it.o
 .debug_rnglists
                0x00000000000000aa       0x1a ./Core/Src/system_stm32f4xx.o
 .debug_rnglists
                0x00000000000000c4       0x19 ./Core/Startup/startup_stm32f411vetx.o
 .debug_rnglists
                0x00000000000000dd       0xaf ./Drivers/STM32F4xx_HAL_Driver/Src/stm32f4xx_hal.o
 .debug_rnglists
                0x000000000000018c       0xce ./Drivers/STM32F4xx_HAL_Driver/Src/stm32f4xx_hal_cortex.o
 .debug_rnglists
                0x000000000000025a       0x3f ./Drivers/STM32F4xx_HAL_Driver/Src/stm32f4xx_hal_gpio.o
 .debug_rnglists
                0x0000000000000299       0x66 ./Drivers/STM32F4xx_HAL_Driver/Src/stm32f4xx_hal_rcc.o
 .debug_rnglists
                0x00000000000002ff      0x31a ./Drivers/STM32F4xx_HAL_Driver/Src/stm32f4xx_hal_tim.o
 .debug_rnglists
                0x0000000000000619      0x125 ./Drivers/STM32F4xx_HAL_Driver/Src/stm32f4xx_hal_tim_ex.o
 .debug_rnglists
                0x000000000000073e       0x2b ./ThirdParty/FreeRTOS/list.o
 .debug_rnglists
                0x0000000000000769      0x193 ./ThirdParty/FreeRTOS/tasks.o
 .debug_rnglists
                0x00000000000008fc       0x64 ./ThirdParty/FreeRTOS/portable/GCC/ARM_CM4F/port.o
 .debug_rnglists
                0x0000000000000960       0x42 ./ThirdParty/FreeRTOS/portable/MemMang/heap_4.o
 .debug_rnglists
                0x00000000000009a2       0x36 ./ThirdParty/SEGGER/OS/SEGGER_SYSVIEW_FreeRTOS.o
 .debug_rnglists
                0x00000000000009d8       0x4b ./ThirdParty/SEGGER/Rec/segger_uart.o
 .debug_rnglists
                0x0000000000000a23       0xf5 ./ThirdParty/SEGGER/SEGGER/SEGGER_RTT.o
 .debug_rnglists
                0x0000000000000b18      0x202 ./ThirdParty/SEGGER/SEGGER/SEGGER_SYSVIEW.o

.debug_macro    0x0000000000000000    0x1895a
 .debug_macro   0x0000000000000000      0x36b ./Core/Src/main.o
 .debug_macro   0x000000000000036b      0xaa8 ./Core/Src/main.o
 .debug_macro   0x0000000000000e13      0x295 ./Core/Src/main.o
 .debug_macro   0x00000000000010a8       0x2e ./Core/Src/main.o
 .debug_macro   0x00000000000010d6       0x28 ./Core/Src/main.o
 .debug_macro   0x00000000000010fe       0x22 ./Core/Src/main.o
 .debug_macro   0x0000000000001120       0x8e ./Core/Src/main.o
 .debug_macro   0x00000000000011ae       0x51 ./Core/Src/main.o
 .debug_macro   0x00000000000011ff      0x103 ./Core/Src/main.o
 .debug_macro   0x0000000000001302       0x6a ./Core/Src/main.o
 .debug_macro   0x000000000000136c      0x1df ./Core/Src/main.o
 .debug_macro   0x000000000000154b       0x1c ./Core/Src/main.o
 .debug_macro   0x0000000000001567       0x22 ./Core/Src/main.o
 .debug_macro   0x0000000000001589       0xd9 ./Core/Src/main.o
 .debug_macro   0x0000000000001662     0x102d ./Core/Src/main.o
 .debug_macro   0x000000000000268f      0x11f ./Core/Src/main.o
 .debug_macro   0x00000000000027ae     0xb953 ./Core/Src/main.o
 .debug_macro   0x000000000000e101       0x6d ./Core/Src/main.o
 .debug_macro   0x000000000000e16e     0x367e ./Core/Src/main.o
 .debug_macro   0x00000000000117ec      0x174 ./Core/Src/main.o
 .debug_macro   0x0000000000011960       0x5c ./Core/Src/main.o
 .debug_macro   0x00000000000119bc      0x447 ./Core/Src/main.o
 .debug_macro   0x0000000000011e03      0x9fe ./Core/Src/main.o
 .debug_macro   0x0000000000012801      0x115 ./Core/Src/main.o
 .debug_macro   0x0000000000012916      0x11b ./Core/Src/main.o
 .debug_macro   0x0000000000012a31       0xa5 ./Core/Src/main.o
 .debug_macro   0x0000000000012ad6      0x15f ./Core/Src/main.o
 .debug_macro   0x0000000000012c35      0x287 ./Core/Src/main.o
 .debug_macro   0x0000000000012ebc       0x5f ./Core/Src/main.o
 .debug_macro   0x0000000000012f1b      0x236 ./Core/Src/main.o
 .debug_macro   0x0000000000013151      0x132 ./Core/Src/main.o
 .debug_macro   0x0000000000013283      0x264 ./Core/Src/main.o
 .debug_macro   0x00000000000134e7       0x2e ./Core/Src/main.o
 .debug_macro   0x0000000000013515      0x11a ./Core/Src/main.o
 .debug_macro   0x000000000001362f       0x85 ./Core/Src/main.o
 .debug_macro   0x00000000000136b4       0x89 ./Core/Src/main.o
 .debug_macro   0x000000000001373d      0x8e6 ./Core/Src/main.o
 .debug_macro   0x0000000000014023       0x47 ./Core/Src/main.o
 .debug_macro   0x000000000001406a      0x126 ./Core/Src/main.o
 .debug_macro   0x0000000000014190      0x18a ./Core/Src/main.o
 .debug_macro   0x000000000001431a      0x112 ./Core/Src/main.o
 .debug_macro   0x000000000001442c       0x58 ./Core/Src/main.o
 .debug_macro   0x0000000000014484       0x46 ./Core/Src/main.o
 .debug_macro   0x00000000000144ca       0x64 ./Core/Src/main.o
 .debug_macro   0x000000000001452e       0x16 ./Core/Src/main.o
 .debug_macro   0x0000000000014544       0x49 ./Core/Src/main.o
 .debug_macro   0x000000000001458d       0xbc ./Core/Src/main.o
 .debug_macro   0x0000000000014649      0x204 ./Core/Src/main.o
 .debug_macro   0x000000000001484d      0x450 ./Core/Src/main.o
 .debug_macro   0x0000000000014c9d      0x15a ./Core/Src/main.o
 .debug_macro   0x0000000000014df7       0xea ./Core/Src/main.o
 .debug_macro   0x0000000000014ee1       0x1c ./Core/Src/main.o
 .debug_macro   0x0000000000014efd       0x26 ./Core/Src/main.o
 .debug_macro   0x0000000000014f23      0x3d0 ./Core/Src/main.o
 .debug_macro   0x00000000000152f3       0xb5 ./Core/Src/main.o
 .debug_macro   0x00000000000153a8      0x120 ./Core/Src/main.o
 .debug_macro   0x00000000000154c8       0x61 ./Core/Src/main.o
 .debug_macro   0x0000000000015529       0x2a ./Core/Src/main.o
 .debug_macro   0x0000000000015553       0x43 ./Core/Src/main.o
 .debug_macro   0x0000000000015596       0x34 ./Core/Src/main.o
 .debug_macro   0x00000000000155ca       0x16 ./Core/Src/main.o
 .debug_macro   0x00000000000155e0       0x35 ./Core/Src/main.o
 .debug_macro   0x0000000000015615      0x369 ./Core/Src/main.o
 .debug_macro   0x000000000001597e       0x16 ./Core/Src/main.o
 .debug_macro   0x0000000000015994       0x43 ./Core/Src/main.o
 .debug_macro   0x00000000000159d7       0x34 ./Core/Src/main.o
 .debug_macro   0x0000000000015a0b       0x10 ./Core/Src/main.o
 .debug_macro   0x0000000000015a1b       0x58 ./Core/Src/main.o
 .debug_macro   0x0000000000015a73       0x8e ./Core/Src/main.o
 .debug_macro   0x0000000000015b01       0x1c ./Core/Src/main.o
 .debug_macro   0x0000000000015b1d      0x177 ./Core/Src/main.o
 .debug_macro   0x0000000000015c94       0x16 ./Core/Src/main.o
 .debug_macro   0x0000000000015caa       0x16 ./Core/Src/main.o
 .debug_macro   0x0000000000015cc0      0x147 ./Core/Src/main.o
 .debug_macro   0x0000000000015e07      0x284 ./Core/Src/stm32f4xx_hal_msp.o
 .debug_macro   0x000000000001608b      0x1c4 ./Core/Src/stm32f4xx_hal_timebase_tim.o
 .debug_macro   0x000000000001624f      0x1dd ./Core/Src/stm32f4xx_it.o
 .debug_macro   0x000000000001642c      0x1c4 ./Core/Src/system_stm32f4xx.o
 .debug_macro   0x00000000000165f0      0x224 ./Drivers/STM32F4xx_HAL_Driver/Src/stm32f4xx_hal.o
 .debug_macro   0x0000000000016814      0x1c4 ./Drivers/STM32F4xx_HAL_Driver/Src/stm32f4xx_hal_cortex.o
 .debug_macro   0x00000000000169d8      0x1ca ./Drivers/STM32F4xx_HAL_Driver/Src/stm32f4xx_hal_gpio.o
 .debug_macro   0x0000000000016ba2      0x1e8 ./Drivers/STM32F4xx_HAL_Driver/Src/stm32f4xx_hal_rcc.o
 .debug_macro   0x0000000000016d8a      0x1c5 ./Drivers/STM32F4xx_HAL_Driver/Src/stm32f4xx_hal_tim.o
 .debug_macro   0x0000000000016f4f      0x1c4 ./Drivers/STM32F4xx_HAL_Driver/Src/stm32f4xx_hal_tim_ex.o
 .debug_macro   0x0000000000017113      0x1f4 ./ThirdParty/FreeRTOS/list.o
 .debug_macro   0x0000000000017307      0x2e1 ./ThirdParty/FreeRTOS/tasks.o
 .debug_macro   0x00000000000175e8       0x10 ./ThirdParty/FreeRTOS/tasks.o
 .debug_macro   0x00000000000175f8      0x1f7 ./ThirdParty/FreeRTOS/portable/GCC/ARM_CM4F/port.o
 .debug_macro   0x00000000000177ef      0x20f ./ThirdParty/FreeRTOS/portable/MemMang/heap_4.o
 .debug_macro   0x00000000000179fe      0x203 ./ThirdParty/SEGGER/OS/SEGGER_SYSVIEW_FreeRTOS.o
 .debug_macro   0x0000000000017c01      0x41c ./ThirdParty/SEGGER/Rec/segger_uart.o
 .debug_macro   0x000000000001801d       0x3a ./ThirdParty/SEGGER/Rec/segger_uart.o
 .debug_macro   0x0000000000018057      0x138 ./ThirdParty/SEGGER/Rec/segger_uart.o
 .debug_macro   0x000000000001818f       0x56 ./ThirdParty/SEGGER/Rec/segger_uart.o
 .debug_macro   0x00000000000181e5      0x1bd ./ThirdParty/SEGGER/SEGGER/SEGGER_RTT.o
 .debug_macro   0x00000000000183a2       0x34 ./ThirdParty/SEGGER/SEGGER/SEGGER_RTT.o
 .debug_macro   0x00000000000183d6      0x212 ./ThirdParty/SEGGER/SEGGER/SEGGER_SYSVIEW.o
 .debug_macro   0x00000000000185e8      0x204 ./ThirdParty/SEGGER/SEGGER/SEGGER_SYSVIEW.o
 .debug_macro   0x00000000000187ec      0x16e ./ThirdParty/SEGGER/SEGGER/SEGGER_SYSVIEW.o

.debug_line     0x0000000000000000    0x12e2d
 .debug_line    0x0000000000000000      0xce1 ./Core/Src/main.o
 .debug_line    0x0000000000000ce1      0x979 ./Core/Src/stm32f4xx_hal_msp.o
 .debug_line    0x000000000000165a      0x79f ./Core/Src/stm32f4xx_hal_timebase_tim.o
 .debug_line    0x0000000000001df9      0x7cb ./Core/Src/stm32f4xx_it.o
 .debug_line    0x00000000000025c4      0x7b0 ./Core/Src/system_stm32f4xx.o
 .debug_line    0x0000000000002d74       0x7a ./Core/Startup/startup_stm32f411vetx.o
 .debug_line    0x0000000000002dee      0xa16 ./Drivers/STM32F4xx_HAL_Driver/Src/stm32f4xx_hal.o
 .debug_line    0x0000000000003804      0xcc5 ./Drivers/STM32F4xx_HAL_Driver/Src/stm32f4xx_hal_cortex.o
 .debug_line    0x00000000000044c9      0xb4e ./Drivers/STM32F4xx_HAL_Driver/Src/stm32f4xx_hal_gpio.o
 .debug_line    0x0000000000005017      0xd8f ./Drivers/STM32F4xx_HAL_Driver/Src/stm32f4xx_hal_rcc.o
 .debug_line    0x0000000000005da6     0x34dc ./Drivers/STM32F4xx_HAL_Driver/Src/stm32f4xx_hal_tim.o
 .debug_line    0x0000000000009282     0x19ae ./Drivers/STM32F4xx_HAL_Driver/Src/stm32f4xx_hal_tim_ex.o
 .debug_line    0x000000000000ac30      0x8f0 ./ThirdParty/FreeRTOS/list.o
 .debug_line    0x000000000000b520     0x1eb7 ./ThirdParty/FreeRTOS/tasks.o
 .debug_line    0x000000000000d3d7      0xa1d ./ThirdParty/FreeRTOS/portable/GCC/ARM_CM4F/port.o
 .debug_line    0x000000000000ddf4      0xb38 ./ThirdParty/FreeRTOS/portable/MemMang/heap_4.o
 .debug_line    0x000000000000e92c      0x974 ./ThirdParty/SEGGER/OS/SEGGER_SYSVIEW_FreeRTOS.o
 .debug_line    0x000000000000f2a0      0xbd5 ./ThirdParty/SEGGER/Rec/segger_uart.o
 .debug_line    0x000000000000fe75      0xf27 ./ThirdParty/SEGGER/SEGGER/SEGGER_RTT.o
 .debug_line    0x0000000000010d9c       0x86 ./ThirdParty/SEGGER/SEGGER/SEGGER_RTT_ASM_ARMv7M.o
 .debug_line    0x0000000000010e22     0x200b ./ThirdParty/SEGGER/SEGGER/SEGGER_SYSVIEW.o

.debug_str      0x0000000000000000    0x99545
 .debug_str     0x0000000000000000    0x91a7e ./Core/Src/main.o
                                      0x91e22 (size before relaxing)
 .debug_str     0x0000000000091a7e       0x40 ./Core/Src/stm32f4xx_hal_msp.o
                                      0x8c442 (size before relaxing)
 .debug_str     0x0000000000091abe      0x4a9 ./Core/Src/stm32f4xx_hal_timebase_tim.o
                                      0x85712 (size before relaxing)
 .debug_str     0x0000000000091f67       0xbe ./Core/Src/stm32f4xx_it.o
                                      0x857cd (size before relaxing)
 .debug_str     0x0000000000092025       0xdb ./Core/Src/system_stm32f4xx.o
                                      0x84d83 (size before relaxing)
 .debug_str     0x0000000000092100       0x34 ./Core/Startup/startup_stm32f411vetx.o
                                         0x65 (size before relaxing)
 .debug_str     0x0000000000092134      0x5c9 ./Drivers/STM32F4xx_HAL_Driver/Src/stm32f4xx_hal.o
                                      0x857af (size before relaxing)
 .debug_str     0x00000000000926fd      0x33a ./Drivers/STM32F4xx_HAL_Driver/Src/stm32f4xx_hal_cortex.o
                                      0x854d0 (size before relaxing)
 .debug_str     0x0000000000092a37      0x11e ./Drivers/STM32F4xx_HAL_Driver/Src/stm32f4xx_hal_gpio.o
                                      0x84efe (size before relaxing)
 .debug_str     0x0000000000092b55      0x1fd ./Drivers/STM32F4xx_HAL_Driver/Src/stm32f4xx_hal_rcc.o
                                      0x851b7 (size before relaxing)
 .debug_str     0x0000000000092d52      0xe69 ./Drivers/STM32F4xx_HAL_Driver/Src/stm32f4xx_hal_tim.o
                                      0x860eb (size before relaxing)
 .debug_str     0x0000000000093bbb      0x503 ./Drivers/STM32F4xx_HAL_Driver/Src/stm32f4xx_hal_tim_ex.o
                                      0x85907 (size before relaxing)
 .debug_str     0x00000000000940be      0x281 ./ThirdParty/FreeRTOS/list.o
                                       0xec1a (size before relaxing)
 .debug_str     0x000000000009433f     0x1ffc ./ThirdParty/FreeRTOS/tasks.o
                                      0x11f35 (size before relaxing)
 .debug_str     0x000000000009633b      0x7e6 ./ThirdParty/FreeRTOS/portable/GCC/ARM_CM4F/port.o
                                       0xd455 (size before relaxing)
 .debug_str     0x0000000000096b21      0x335 ./ThirdParty/FreeRTOS/portable/MemMang/heap_4.o
                                      0x100e3 (size before relaxing)
 .debug_str     0x0000000000096e56      0x157 ./ThirdParty/SEGGER/OS/SEGGER_SYSVIEW_FreeRTOS.o
                                       0xfe5b (size before relaxing)
 .debug_str     0x0000000000096fad     0x103d ./ThirdParty/SEGGER/Rec/segger_uart.o
                                      0x8ac64 (size before relaxing)
 .debug_str     0x0000000000097fea      0x751 ./ThirdParty/SEGGER/SEGGER/SEGGER_RTT.o
                                       0x7bab (size before relaxing)
 .debug_str     0x000000000009873b       0x50 ./ThirdParty/SEGGER/SEGGER/SEGGER_RTT_ASM_ARMv7M.o
                                         0x8d (size before relaxing)
 .debug_str     0x000000000009878b      0xdba ./ThirdParty/SEGGER/SEGGER/SEGGER_SYSVIEW.o
                                       0x9bff (size before relaxing)

.debug_frame    0x0000000000000000     0x4714
 .debug_frame   0x0000000000000000      0x120 ./Core/Src/main.o
 .debug_frame   0x0000000000000120       0x34 ./Core/Src/stm32f4xx_hal_msp.o
 .debug_frame   0x0000000000000154       0x74 ./Core/Src/stm32f4xx_hal_timebase_tim.o
 .debug_frame   0x00000000000001c8       0xc4 ./Core/Src/stm32f4xx_it.o
 .debug_frame   0x000000000000028c       0x58 ./Core/Src/system_stm32f4xx.o
 .debug_frame   0x00000000000002e4      0x374 ./Drivers/STM32F4xx_HAL_Driver/Src/stm32f4xx_hal.o
 .debug_frame   0x0000000000000658      0x498 ./Drivers/STM32F4xx_HAL_Driver/Src/stm32f4xx_hal_cortex.o
 .debug_frame   0x0000000000000af0      0x14c ./Drivers/STM32F4xx_HAL_Driver/Src/stm32f4xx_hal_gpio.o
 .debug_frame   0x0000000000000c3c      0x1f4 ./Drivers/STM32F4xx_HAL_Driver/Src/stm32f4xx_hal_rcc.o
 .debug_frame   0x0000000000000e30     0x11bc ./Drivers/STM32F4xx_HAL_Driver/Src/stm32f4xx_hal_tim.o
 .debug_frame   0x0000000000001fec      0x638 ./Drivers/STM32F4xx_HAL_Driver/Src/stm32f4xx_hal_tim_ex.o
 .debug_frame   0x0000000000002624       0xd8 ./ThirdParty/FreeRTOS/list.o
 .debug_frame   0x00000000000026fc      0x8b0 ./ThirdParty/FreeRTOS/tasks.o
 .debug_frame   0x0000000000002fac      0x1d0 ./ThirdParty/FreeRTOS/portable/GCC/ARM_CM4F/port.o
 .debug_frame   0x000000000000317c      0x12c ./ThirdParty/FreeRTOS/portable/MemMang/heap_4.o
 .debug_frame   0x00000000000032a8      0x104 ./ThirdParty/SEGGER/OS/SEGGER_SYSVIEW_FreeRTOS.o
 .debug_frame   0x00000000000033ac      0x178 ./ThirdParty/SEGGER/Rec/segger_uart.o
 .debug_frame   0x0000000000003524      0x530 ./ThirdParty/SEGGER/SEGGER/SEGGER_RTT.o
 .debug_frame   0x0000000000003a54      0xbc4 ./ThirdParty/SEGGER/SEGGER/SEGGER_SYSVIEW.o
 .debug_frame   0x0000000000004618       0x28 C:/ST/STM32CubeIDE_1.13.1/STM32CubeIDE/plugins/com.st.stm32cube.ide.mcu.externaltools.gnu-tools-for-stm32.11.3.rel1.win32_1.1.0.202305231506/tools/bin/../lib/gcc/arm-none-eabi/11.3.1/../../../../arm-none-eabi/lib/thumb/v7e-m+fp/hard\libc_nano.a(libc_a-memcmp.o)
 .debug_frame   0x0000000000004640       0x20 C:/ST/STM32CubeIDE_1.13.1/STM32CubeIDE/plugins/com.st.stm32cube.ide.mcu.externaltools.gnu-tools-for-stm32.11.3.rel1.win32_1.1.0.202305231506/tools/bin/../lib/gcc/arm-none-eabi/11.3.1/../../../../arm-none-eabi/lib/thumb/v7e-m+fp/hard\libc_nano.a(libc_a-memset.o)
 .debug_frame   0x0000000000004660       0x2c C:/ST/STM32CubeIDE_1.13.1/STM32CubeIDE/plugins/com.st.stm32cube.ide.mcu.externaltools.gnu-tools-for-stm32.11.3.rel1.win32_1.1.0.202305231506/tools/bin/../lib/gcc/arm-none-eabi/11.3.1/../../../../arm-none-eabi/lib/thumb/v7e-m+fp/hard\libc_nano.a(libc_a-init.o)
 .debug_frame   0x000000000000468c       0x28 C:/ST/STM32CubeIDE_1.13.1/STM32CubeIDE/plugins/com.st.stm32cube.ide.mcu.externaltools.gnu-tools-for-stm32.11.3.rel1.win32_1.1.0.202305231506/tools/bin/../lib/gcc/arm-none-eabi/11.3.1/../../../../arm-none-eabi/lib/thumb/v7e-m+fp/hard\libc_nano.a(libc_a-memcpy-stub.o)
 .debug_frame   0x00000000000046b4       0x2c C:/ST/STM32CubeIDE_1.13.1/STM32CubeIDE/plugins/com.st.stm32cube.ide.mcu.externaltools.gnu-tools-for-stm32.11.3.rel1.win32_1.1.0.202305231506/tools/bin/../lib/gcc/arm-none-eabi/11.3.1/thumb/v7e-m+fp/hard\libgcc.a(_aeabi_uldivmod.o)
 .debug_frame   0x00000000000046e0       0x34 C:/ST/STM32CubeIDE_1.13.1/STM32CubeIDE/plugins/com.st.stm32cube.ide.mcu.externaltools.gnu-tools-for-stm32.11.3.rel1.win32_1.1.0.202305231506/tools/bin/../lib/gcc/arm-none-eabi/11.3.1/thumb/v7e-m+fp/hard\libgcc.a(_udivmoddi4.o)

.debug_line_str
                0x0000000000000000       0xa9
 .debug_line_str
                0x0000000000000000       0x59 ./Core/Startup/startup_stm32f411vetx.o
                                         0x71 (size before relaxing)
 .debug_line_str
                0x0000000000000059       0x50 ./ThirdParty/SEGGER/SEGGER/SEGGER_RTT_ASM_ARMv7M.o
                                         0x99 (size before relaxing)
